Archive member included to satisfy reference by file (symbol)

/home/tang/riscv/lib/gcc/riscv64-unknown-elf/12.2.0/../../../../riscv64-unknown-elf/lib/rv32im/ilp32/libm.a(lib_a-s_modf.o)
                              /tmp/ccJAgpNv.o (modf)
/home/tang/riscv/lib/gcc/riscv64-unknown-elf/12.2.0/../../../../riscv64-unknown-elf/lib/rv32im/ilp32/libm.a(lib_a-s_fpclassify.o)
                              /home/tang/riscv/lib/gcc/riscv64-unknown-elf/12.2.0/../../../../riscv64-unknown-elf/lib/rv32im/ilp32/libm.a(lib_a-s_modf.o) (__fpclassifyd)
/home/tang/riscv/lib/gcc/riscv64-unknown-elf/12.2.0/rv32im/ilp32/libgcc.a(adddf3.o)
                              /tmp/ccJAgpNv.o (__adddf3)
/home/tang/riscv/lib/gcc/riscv64-unknown-elf/12.2.0/rv32im/ilp32/libgcc.a(divdf3.o)
                              /tmp/ccQB3YVM.o (__divdf3)
/home/tang/riscv/lib/gcc/riscv64-unknown-elf/12.2.0/rv32im/ilp32/libgcc.a(eqdf2.o)
                              /tmp/ccJAgpNv.o (__nedf2)
/home/tang/riscv/lib/gcc/riscv64-unknown-elf/12.2.0/rv32im/ilp32/libgcc.a(gedf2.o)
                              /tmp/ccQB3YVM.o (__gtdf2)
/home/tang/riscv/lib/gcc/riscv64-unknown-elf/12.2.0/rv32im/ilp32/libgcc.a(ledf2.o)
                              /tmp/ccQB3YVM.o (__ltdf2)
/home/tang/riscv/lib/gcc/riscv64-unknown-elf/12.2.0/rv32im/ilp32/libgcc.a(muldf3.o)
                              /tmp/ccJAgpNv.o (__muldf3)
/home/tang/riscv/lib/gcc/riscv64-unknown-elf/12.2.0/rv32im/ilp32/libgcc.a(subdf3.o)
                              /home/tang/riscv/lib/gcc/riscv64-unknown-elf/12.2.0/../../../../riscv64-unknown-elf/lib/rv32im/ilp32/libm.a(lib_a-s_modf.o) (__subdf3)
/home/tang/riscv/lib/gcc/riscv64-unknown-elf/12.2.0/rv32im/ilp32/libgcc.a(fixdfsi.o)
                              /tmp/ccJAgpNv.o (__fixdfsi)
/home/tang/riscv/lib/gcc/riscv64-unknown-elf/12.2.0/rv32im/ilp32/libgcc.a(fixunsdfsi.o)
                              /tmp/ccQB3YVM.o (__fixunsdfsi)
/home/tang/riscv/lib/gcc/riscv64-unknown-elf/12.2.0/rv32im/ilp32/libgcc.a(floatunsidf.o)
                              /tmp/ccQB3YVM.o (__floatunsidf)
/home/tang/riscv/lib/gcc/riscv64-unknown-elf/12.2.0/rv32im/ilp32/libgcc.a(divsf3.o)
                              /tmp/ccrEwqL2.o (__divsf3)
/home/tang/riscv/lib/gcc/riscv64-unknown-elf/12.2.0/rv32im/ilp32/libgcc.a(floatunsisf.o)
                              /tmp/ccrEwqL2.o (__floatunsisf)
/home/tang/riscv/lib/gcc/riscv64-unknown-elf/12.2.0/rv32im/ilp32/libgcc.a(extendsfdf2.o)
                              /tmp/ccrEwqL2.o (__extendsfdf2)
/home/tang/riscv/lib/gcc/riscv64-unknown-elf/12.2.0/rv32im/ilp32/libgcc.a(_clzsi2.o)
                              /home/tang/riscv/lib/gcc/riscv64-unknown-elf/12.2.0/rv32im/ilp32/libgcc.a(adddf3.o) (__clzsi2)
/home/tang/riscv/lib/gcc/riscv64-unknown-elf/12.2.0/rv32im/ilp32/libgcc.a(_clz.o)
                              /home/tang/riscv/lib/gcc/riscv64-unknown-elf/12.2.0/rv32im/ilp32/libgcc.a(_clzsi2.o) (__clz_tab)

Memory Configuration

Name             Origin             Length             Attributes
ram              0x00100000         0x00030000
stack            0x00130000         0x00008000
*default*        0x00000000         0xffffffff

Linker script and memory map

LOAD /tmp/ccqnMmHQ.o
LOAD /tmp/ccQB3YVM.o
LOAD /tmp/ccOx1wh2.o
LOAD /tmp/cczrYvXw.o
LOAD /tmp/ccTns4QT.o
LOAD /tmp/ccrEwqL2.o
LOAD /tmp/cc9Fvrs1.o
LOAD /tmp/ccJAgpNv.o
LOAD /tmp/cc5wwW3d.o
LOAD /tmp/ccw11JMk.o
LOAD /tmp/ccgJVbeN.o
LOAD /home/tang/riscv/lib/gcc/riscv64-unknown-elf/12.2.0/../../../../riscv64-unknown-elf/lib/rv32im/ilp32/libm.a
LOAD /home/tang/riscv/lib/gcc/riscv64-unknown-elf/12.2.0/rv32im/ilp32/libgcc.a
                0x00002000                        _min_stack = 0x2000
                0x00008000                        _stack_len = LENGTH (stack)
                0x00138000                        _stack_start = (ORIGIN (stack) + LENGTH (stack))
                0x00100080                        _entry_point = (_vectors_start + 0x80)
                0x00020008                        tohost = 0x20008
                0x00138010                        fromhost = (_stack_start + 0x10)

.vectors        0x00100000       0x84
                0x00100000                        . = ALIGN (0x4)
                0x00100000                        _vectors_start = .
 *(.vectors)
 .vectors       0x00100000       0x84 /tmp/cc5wwW3d.o
                0x00100084                        _vectors_end = .

.text           0x00100090     0xec00
                0x00100090                        . = ALIGN (0x4)
 *(.text)
 .text          0x00100090     0x1420 /tmp/ccqnMmHQ.o
                0x00100090                calc_func
                0x001001b0                cmp_complex
                0x00100390                cmp_idx
                0x001003f0                copy_info
                0x00100410                core_bench_list
                0x00100c80                core_list_init
                0x001010b0                core_list_insert_new
                0x00101110                core_list_remove
                0x00101140                core_list_undo_remove
                0x00101160                core_list_find
                0x001011c0                core_list_reverse
                0x00101270                core_list_mergesort
 *fill*         0x001014b0        0x0 
 .text          0x001014b0       0xa4 /tmp/ccQB3YVM.o
                0x001014b0                iterate
 *fill*         0x00101554        0xc 
 .text          0x00101560     0x2a9c /tmp/ccOx1wh2.o
                0x00101560                matrix_test
                0x00102c80                core_bench_matrix
                0x00102cc0                core_init_matrix
                0x00103090                matrix_sum
                0x00103530                matrix_mul_const
                0x001036e0                matrix_add_const
                0x00103930                matrix_mul_vect
                0x00103b50                matrix_mul_matrix
                0x00103de0                matrix_mul_matrix_bitextract
 *fill*         0x00103ffc        0x4 
 .text          0x00104000      0xc4c /tmp/cczrYvXw.o
                0x00104000                core_init_state
                0x00104330                core_state_transition
                0x00104630                core_bench_state
 *fill*         0x00104c4c        0x4 
 .text          0x00104c50      0xbec /tmp/ccTns4QT.o
                0x00104c50                get_seed_32
                0x00104cc0                crcu8
                0x00104e00                crcu16
                0x00105080                crcu32
                0x001055a0                crc16
                0x00105830                check_data_types
 *fill*         0x0010583c        0x4 
 .text          0x00105840      0x3a8 /tmp/ccrEwqL2.o
                0x00105840                barebones_clock
                0x00105850                pcount_read
                0x001058b0                dump_pcounts
                0x00105940                start_time
                0x00105980                stop_time
                0x001059a0                get_time
                0x001059c0                time_in_secs
                0x001059f0                portable_init
                0x00105a30                portable_fini
                0x00105b30                core_start_parallel
                0x00105bc0                core_stop_parallel
 *fill*         0x00105be8        0x8 
 .text          0x00105bf0     0x38ac /tmp/cc9Fvrs1.o
                0x001065d0                ee_printf
 *fill*         0x0010949c        0x4 
 .text          0x001094a0      0xd38 /tmp/ccJAgpNv.o
                0x0010a1a0                ecvt
                0x0010a1b0                ecvtbuf
                0x0010a1c0                fcvt
                0x0010a1d0                fcvtbuf
 .text          0x0010a1d8       0xd0 /tmp/cc5wwW3d.o
                0x0010a264                _start
 *fill*         0x0010a2a8        0x8 
 .text          0x0010a2b0      0xcb4 /tmp/ccw11JMk.o
                0x0010a2b0                putchar
                0x0010a2c0                puts
                0x0010a340                puthex
                0x0010a4f0                sim_halt
                0x0010a500                pcount_reset
                0x0010a600                get_mepc
                0x0010a610                get_mcause
                0x0010a620                get_mtval
                0x0010a630                simple_exc_handler
                0x0010ac90                timer_enable
                0x0010ad70                timer_disable
                0x0010ad80                timer_read
                0x0010ae10                timecmp_update
                0x0010ae30                get_elapsed_time
                0x0010ae40                simple_timer_handler
 *fill*         0x0010af64        0xc 
 .text          0x0010af70       0xf4 /tmp/ccgJVbeN.o
                0x0010af70                thread_create
                0x0010af90                thread_schedule
                0x0010afa0                thread_entry
                0x0010b010                thread_exit
                0x0010b040                thread_join
 .text          0x0010b064        0x0 /home/tang/riscv/lib/gcc/riscv64-unknown-elf/12.2.0/../../../../riscv64-unknown-elf/lib/rv32im/ilp32/libm.a(lib_a-s_modf.o)
 .text          0x0010b064        0x0 /home/tang/riscv/lib/gcc/riscv64-unknown-elf/12.2.0/../../../../riscv64-unknown-elf/lib/rv32im/ilp32/libm.a(lib_a-s_fpclassify.o)
 .text          0x0010b064      0x7ec /home/tang/riscv/lib/gcc/riscv64-unknown-elf/12.2.0/rv32im/ilp32/libgcc.a(adddf3.o)
                0x0010b064                __adddf3
 .text          0x0010b850      0x6c8 /home/tang/riscv/lib/gcc/riscv64-unknown-elf/12.2.0/rv32im/ilp32/libgcc.a(divdf3.o)
                0x0010b850                __divdf3
 .text          0x0010bf18       0x8c /home/tang/riscv/lib/gcc/riscv64-unknown-elf/12.2.0/rv32im/ilp32/libgcc.a(eqdf2.o)
                0x0010bf18                __eqdf2
                0x0010bf18                __nedf2
 .text          0x0010bfa4      0x110 /home/tang/riscv/lib/gcc/riscv64-unknown-elf/12.2.0/rv32im/ilp32/libgcc.a(gedf2.o)
                0x0010bfa4                __gtdf2
                0x0010bfa4                __gedf2
 .text          0x0010c0b4      0x110 /home/tang/riscv/lib/gcc/riscv64-unknown-elf/12.2.0/rv32im/ilp32/libgcc.a(ledf2.o)
                0x0010c0b4                __ltdf2
                0x0010c0b4                __ledf2
 .text          0x0010c1c4      0x5fc /home/tang/riscv/lib/gcc/riscv64-unknown-elf/12.2.0/rv32im/ilp32/libgcc.a(muldf3.o)
                0x0010c1c4                __muldf3
 .text          0x0010c7c0      0x854 /home/tang/riscv/lib/gcc/riscv64-unknown-elf/12.2.0/rv32im/ilp32/libgcc.a(subdf3.o)
                0x0010c7c0                __subdf3
 .text          0x0010d014       0x80 /home/tang/riscv/lib/gcc/riscv64-unknown-elf/12.2.0/rv32im/ilp32/libgcc.a(fixdfsi.o)
                0x0010d014                __fixdfsi
 .text          0x0010d094       0x78 /home/tang/riscv/lib/gcc/riscv64-unknown-elf/12.2.0/rv32im/ilp32/libgcc.a(fixunsdfsi.o)
                0x0010d094                __fixunsdfsi
 .text          0x0010d10c       0x80 /home/tang/riscv/lib/gcc/riscv64-unknown-elf/12.2.0/rv32im/ilp32/libgcc.a(floatunsidf.o)
                0x0010d10c                __floatunsidf
 .text          0x0010d18c      0x330 /home/tang/riscv/lib/gcc/riscv64-unknown-elf/12.2.0/rv32im/ilp32/libgcc.a(divsf3.o)
                0x0010d18c                __divsf3
 .text          0x0010d4bc       0xe8 /home/tang/riscv/lib/gcc/riscv64-unknown-elf/12.2.0/rv32im/ilp32/libgcc.a(floatunsisf.o)
                0x0010d4bc                __floatunsisf
 .text          0x0010d5a4       0xdc /home/tang/riscv/lib/gcc/riscv64-unknown-elf/12.2.0/rv32im/ilp32/libgcc.a(extendsfdf2.o)
                0x0010d5a4                __extendsfdf2
 .text          0x0010d680       0x4c /home/tang/riscv/lib/gcc/riscv64-unknown-elf/12.2.0/rv32im/ilp32/libgcc.a(_clzsi2.o)
                0x0010d680                __clzsi2
 .text          0x0010d6cc        0x0 /home/tang/riscv/lib/gcc/riscv64-unknown-elf/12.2.0/rv32im/ilp32/libgcc.a(_clz.o)
 *(.text.*)
 *fill*         0x0010d6cc        0x4 
 .text.startup  0x0010d6d0     0x13c8 /tmp/ccQB3YVM.o
                0x0010d6d0                main
 .text.modf     0x0010ea98      0x188 /home/tang/riscv/lib/gcc/riscv64-unknown-elf/12.2.0/../../../../riscv64-unknown-elf/lib/rv32im/ilp32/libm.a(lib_a-s_modf.o)
                0x0010ea98                modf
 .text.__fpclassifyd
                0x0010ec20       0x70 /home/tang/riscv/lib/gcc/riscv64-unknown-elf/12.2.0/../../../../riscv64-unknown-elf/lib/rv32im/ilp32/libm.a(lib_a-s_fpclassify.o)
                0x0010ec20                __fpclassifyd

.rodata         0x0010ec90      0xa58
                0x0010ec90                        . = ALIGN (0x4)
 *(.srodata)
 .srodata       0x0010ec90        0x4 /tmp/ccrEwqL2.o
                0x0010ec90                pcount_num
 *(.srodata.*)
 *fill*         0x0010ec94        0x4 
 .srodata.cst8  0x0010ec98        0x8 /tmp/ccQB3YVM.o
 .srodata.cst8  0x0010eca0        0x8 /tmp/ccrEwqL2.o
 .srodata.cst4  0x0010eca8        0x4 /tmp/ccrEwqL2.o
 *fill*         0x0010ecac        0x4 
 .srodata.cst8  0x0010ecb0       0x10 /tmp/ccJAgpNv.o
                                 0x18 (size before relaxing)
 *(.rodata)
 .rodata        0x0010ecc0       0x40 /tmp/cczrYvXw.o
 .rodata        0x0010ed00       0x18 /tmp/ccTns4QT.o
 .rodata        0x0010ed18      0x204 /tmp/cc9Fvrs1.o
 .rodata        0x0010ef1c       0x3c /home/tang/riscv/lib/gcc/riscv64-unknown-elf/12.2.0/rv32im/ilp32/libgcc.a(divdf3.o)
 .rodata        0x0010ef58       0x3c /home/tang/riscv/lib/gcc/riscv64-unknown-elf/12.2.0/rv32im/ilp32/libgcc.a(divsf3.o)
 .rodata        0x0010ef94      0x100 /home/tang/riscv/lib/gcc/riscv64-unknown-elf/12.2.0/rv32im/ilp32/libgcc.a(_clz.o)
                0x0010ef94                __clz_tab
 *(.rodata.*)
 .rodata.str1.4
                0x0010f094      0x406 /tmp/ccQB3YVM.o
                                0x40e (size before relaxing)
 *fill*         0x0010f49a        0x2 
 .rodata.str1.4
                0x0010f49c       0xad /tmp/cczrYvXw.o
 *fill*         0x0010f549        0x3 
 .rodata.str1.4
                0x0010f54c      0x100 /tmp/ccrEwqL2.o
                                0x104 (size before relaxing)
 .rodata.str1.4
                0x0010f64c       0x57 /tmp/cc9Fvrs1.o
 *fill*         0x0010f6a3        0x1 
 .rodata.str1.4
                0x0010f6a4       0x44 /tmp/ccw11JMk.o

.rela.dyn       0x0010f6e8        0x0
 .rela.text     0x0010f6e8        0x0 /tmp/ccqnMmHQ.o

.data           0x0010f6e8       0x44
                0x0010f6e8                        . = ALIGN (0x4)
 *(.sdata)
 .sdata         0x0010f6e8        0xc /tmp/ccrEwqL2.o
                0x0010f6e8                default_num_contexts
                0x0010f6ec                seed4_volatile
                0x0010f6f0                seed3_volatile
 *(.sdata.*)
 *(.data)
 .data          0x0010f6f4        0x0 /tmp/ccqnMmHQ.o
 .data          0x0010f6f4        0xc /tmp/ccQB3YVM.o
                0x0010f6f4                mem_name
 .data          0x0010f700        0x0 /tmp/ccOx1wh2.o
 .data          0x0010f700        0x0 /tmp/cczrYvXw.o
 .data          0x0010f700        0x0 /tmp/ccTns4QT.o
 .data          0x0010f700       0x2c /tmp/ccrEwqL2.o
                0x0010f700                pcount_names
 .data          0x0010f72c        0x0 /tmp/cc9Fvrs1.o
 .data          0x0010f72c        0x0 /tmp/ccJAgpNv.o
 .data          0x0010f72c        0x0 /tmp/cc5wwW3d.o
 .data          0x0010f72c        0x0 /tmp/ccw11JMk.o
 .data          0x0010f72c        0x0 /tmp/ccgJVbeN.o
 .data          0x0010f72c        0x0 /home/tang/riscv/lib/gcc/riscv64-unknown-elf/12.2.0/../../../../riscv64-unknown-elf/lib/rv32im/ilp32/libm.a(lib_a-s_modf.o)
 .data          0x0010f72c        0x0 /home/tang/riscv/lib/gcc/riscv64-unknown-elf/12.2.0/../../../../riscv64-unknown-elf/lib/rv32im/ilp32/libm.a(lib_a-s_fpclassify.o)
 .data          0x0010f72c        0x0 /home/tang/riscv/lib/gcc/riscv64-unknown-elf/12.2.0/rv32im/ilp32/libgcc.a(adddf3.o)
 .data          0x0010f72c        0x0 /home/tang/riscv/lib/gcc/riscv64-unknown-elf/12.2.0/rv32im/ilp32/libgcc.a(divdf3.o)
 .data          0x0010f72c        0x0 /home/tang/riscv/lib/gcc/riscv64-unknown-elf/12.2.0/rv32im/ilp32/libgcc.a(eqdf2.o)
 .data          0x0010f72c        0x0 /home/tang/riscv/lib/gcc/riscv64-unknown-elf/12.2.0/rv32im/ilp32/libgcc.a(gedf2.o)
 .data          0x0010f72c        0x0 /home/tang/riscv/lib/gcc/riscv64-unknown-elf/12.2.0/rv32im/ilp32/libgcc.a(ledf2.o)
 .data          0x0010f72c        0x0 /home/tang/riscv/lib/gcc/riscv64-unknown-elf/12.2.0/rv32im/ilp32/libgcc.a(muldf3.o)
 .data          0x0010f72c        0x0 /home/tang/riscv/lib/gcc/riscv64-unknown-elf/12.2.0/rv32im/ilp32/libgcc.a(subdf3.o)
 .data          0x0010f72c        0x0 /home/tang/riscv/lib/gcc/riscv64-unknown-elf/12.2.0/rv32im/ilp32/libgcc.a(fixdfsi.o)
 .data          0x0010f72c        0x0 /home/tang/riscv/lib/gcc/riscv64-unknown-elf/12.2.0/rv32im/ilp32/libgcc.a(fixunsdfsi.o)
 .data          0x0010f72c        0x0 /home/tang/riscv/lib/gcc/riscv64-unknown-elf/12.2.0/rv32im/ilp32/libgcc.a(floatunsidf.o)
 .data          0x0010f72c        0x0 /home/tang/riscv/lib/gcc/riscv64-unknown-elf/12.2.0/rv32im/ilp32/libgcc.a(divsf3.o)
 .data          0x0010f72c        0x0 /home/tang/riscv/lib/gcc/riscv64-unknown-elf/12.2.0/rv32im/ilp32/libgcc.a(floatunsisf.o)
 .data          0x0010f72c        0x0 /home/tang/riscv/lib/gcc/riscv64-unknown-elf/12.2.0/rv32im/ilp32/libgcc.a(extendsfdf2.o)
 .data          0x0010f72c        0x0 /home/tang/riscv/lib/gcc/riscv64-unknown-elf/12.2.0/rv32im/ilp32/libgcc.a(_clzsi2.o)
 .data          0x0010f72c        0x0 /home/tang/riscv/lib/gcc/riscv64-unknown-elf/12.2.0/rv32im/ilp32/libgcc.a(_clz.o)
 *(.data.*)

.bss            0x0010f730       0x7c
                0x0010f730                        . = ALIGN (0x4)
                0x0010f730                        _bss_start = .
 *(.sbss)
 .sbss          0x0010f730       0x18 /tmp/ccrEwqL2.o
                0x0010f73c                seed5_volatile
                0x0010f740                seed2_volatile
                0x0010f744                seed1_volatile
 .sbss          0x0010f748       0x10 /tmp/ccw11JMk.o
                0x0010f748                time_increment
                0x0010f750                time_elapsed
 .sbss          0x0010f758        0x4 /tmp/ccgJVbeN.o
                0x0010f758                current_thread
 *(.sbss.*)
 *(.bss)
 .bss           0x0010f75c        0x0 /tmp/ccqnMmHQ.o
 .bss           0x0010f75c        0x0 /tmp/ccQB3YVM.o
 .bss           0x0010f75c        0x0 /tmp/ccOx1wh2.o
 .bss           0x0010f75c        0x0 /tmp/cczrYvXw.o
 .bss           0x0010f75c        0x0 /tmp/ccTns4QT.o
 .bss           0x0010f75c        0x0 /tmp/ccrEwqL2.o
 .bss           0x0010f75c        0x0 /tmp/cc9Fvrs1.o
 .bss           0x0010f75c       0x50 /tmp/ccJAgpNv.o
 .bss           0x0010f7ac        0x0 /tmp/cc5wwW3d.o
 .bss           0x0010f7ac        0x0 /tmp/ccw11JMk.o
 .bss           0x0010f7ac        0x0 /tmp/ccgJVbeN.o
 .bss           0x0010f7ac        0x0 /home/tang/riscv/lib/gcc/riscv64-unknown-elf/12.2.0/../../../../riscv64-unknown-elf/lib/rv32im/ilp32/libm.a(lib_a-s_modf.o)
 .bss           0x0010f7ac        0x0 /home/tang/riscv/lib/gcc/riscv64-unknown-elf/12.2.0/../../../../riscv64-unknown-elf/lib/rv32im/ilp32/libm.a(lib_a-s_fpclassify.o)
 .bss           0x0010f7ac        0x0 /home/tang/riscv/lib/gcc/riscv64-unknown-elf/12.2.0/rv32im/ilp32/libgcc.a(adddf3.o)
 .bss           0x0010f7ac        0x0 /home/tang/riscv/lib/gcc/riscv64-unknown-elf/12.2.0/rv32im/ilp32/libgcc.a(divdf3.o)
 .bss           0x0010f7ac        0x0 /home/tang/riscv/lib/gcc/riscv64-unknown-elf/12.2.0/rv32im/ilp32/libgcc.a(eqdf2.o)
 .bss           0x0010f7ac        0x0 /home/tang/riscv/lib/gcc/riscv64-unknown-elf/12.2.0/rv32im/ilp32/libgcc.a(gedf2.o)
 .bss           0x0010f7ac        0x0 /home/tang/riscv/lib/gcc/riscv64-unknown-elf/12.2.0/rv32im/ilp32/libgcc.a(ledf2.o)
 .bss           0x0010f7ac        0x0 /home/tang/riscv/lib/gcc/riscv64-unknown-elf/12.2.0/rv32im/ilp32/libgcc.a(muldf3.o)
 .bss           0x0010f7ac        0x0 /home/tang/riscv/lib/gcc/riscv64-unknown-elf/12.2.0/rv32im/ilp32/libgcc.a(subdf3.o)
 .bss           0x0010f7ac        0x0 /home/tang/riscv/lib/gcc/riscv64-unknown-elf/12.2.0/rv32im/ilp32/libgcc.a(fixdfsi.o)
 .bss           0x0010f7ac        0x0 /home/tang/riscv/lib/gcc/riscv64-unknown-elf/12.2.0/rv32im/ilp32/libgcc.a(fixunsdfsi.o)
 .bss           0x0010f7ac        0x0 /home/tang/riscv/lib/gcc/riscv64-unknown-elf/12.2.0/rv32im/ilp32/libgcc.a(floatunsidf.o)
 .bss           0x0010f7ac        0x0 /home/tang/riscv/lib/gcc/riscv64-unknown-elf/12.2.0/rv32im/ilp32/libgcc.a(divsf3.o)
 .bss           0x0010f7ac        0x0 /home/tang/riscv/lib/gcc/riscv64-unknown-elf/12.2.0/rv32im/ilp32/libgcc.a(floatunsisf.o)
 .bss           0x0010f7ac        0x0 /home/tang/riscv/lib/gcc/riscv64-unknown-elf/12.2.0/rv32im/ilp32/libgcc.a(extendsfdf2.o)
 .bss           0x0010f7ac        0x0 /home/tang/riscv/lib/gcc/riscv64-unknown-elf/12.2.0/rv32im/ilp32/libgcc.a(_clzsi2.o)
 .bss           0x0010f7ac        0x0 /home/tang/riscv/lib/gcc/riscv64-unknown-elf/12.2.0/rv32im/ilp32/libgcc.a(_clz.o)
 *(.bss.*)
 *(COMMON)
                0x0010f7ac                        _bss_end = .

.stack          0x00130000     0x2000
                0x00130000                        . = ALIGN (0x4)
                0x00132000                        . = (. + _min_stack)
 *fill*         0x00130000     0x2000 
                0x00132000                        . = ALIGN (0x4)
                0x00132000                        stack = .
                0x00132000                        _stack = .
OUTPUT(/home/tang/Projects/jiangnanguqi/ibex/examples/sw/benchmarks/coremark_multithread/coremark.elf elf32-littleriscv)

.debug_info     0x00000000     0x889d
 .debug_info    0x00000000     0x118c /tmp/ccqnMmHQ.o
 .debug_info    0x0000118c     0x1030 /tmp/ccQB3YVM.o
 .debug_info    0x000021bc      0xaa7 /tmp/ccOx1wh2.o
 .debug_info    0x00002c63      0x54d /tmp/cczrYvXw.o
 .debug_info    0x000031b0      0x53a /tmp/ccTns4QT.o
 .debug_info    0x000036ea      0x9fd /tmp/ccrEwqL2.o
 .debug_info    0x000040e7      0xa59 /tmp/cc9Fvrs1.o
 .debug_info    0x00004b40      0x68d /tmp/ccJAgpNv.o
 .debug_info    0x000051cd       0x23 /tmp/cc5wwW3d.o
 .debug_info    0x000051f0      0x761 /tmp/ccw11JMk.o
 .debug_info    0x00005951      0x20c /tmp/ccgJVbeN.o
 .debug_info    0x00005b5d      0x4fe /home/tang/riscv/lib/gcc/riscv64-unknown-elf/12.2.0/rv32im/ilp32/libgcc.a(adddf3.o)
 .debug_info    0x0000605b      0x683 /home/tang/riscv/lib/gcc/riscv64-unknown-elf/12.2.0/rv32im/ilp32/libgcc.a(divdf3.o)
 .debug_info    0x000066de      0x222 /home/tang/riscv/lib/gcc/riscv64-unknown-elf/12.2.0/rv32im/ilp32/libgcc.a(eqdf2.o)
 .debug_info    0x00006900      0x224 /home/tang/riscv/lib/gcc/riscv64-unknown-elf/12.2.0/rv32im/ilp32/libgcc.a(gedf2.o)
 .debug_info    0x00006b24      0x224 /home/tang/riscv/lib/gcc/riscv64-unknown-elf/12.2.0/rv32im/ilp32/libgcc.a(ledf2.o)
 .debug_info    0x00006d48      0x6b4 /home/tang/riscv/lib/gcc/riscv64-unknown-elf/12.2.0/rv32im/ilp32/libgcc.a(muldf3.o)
 .debug_info    0x000073fc      0x4f5 /home/tang/riscv/lib/gcc/riscv64-unknown-elf/12.2.0/rv32im/ilp32/libgcc.a(subdf3.o)
 .debug_info    0x000078f1      0x1ca /home/tang/riscv/lib/gcc/riscv64-unknown-elf/12.2.0/rv32im/ilp32/libgcc.a(fixdfsi.o)
 .debug_info    0x00007abb      0x1ad /home/tang/riscv/lib/gcc/riscv64-unknown-elf/12.2.0/rv32im/ilp32/libgcc.a(fixunsdfsi.o)
 .debug_info    0x00007c68      0x25d /home/tang/riscv/lib/gcc/riscv64-unknown-elf/12.2.0/rv32im/ilp32/libgcc.a(floatunsidf.o)
 .debug_info    0x00007ec5      0x360 /home/tang/riscv/lib/gcc/riscv64-unknown-elf/12.2.0/rv32im/ilp32/libgcc.a(divsf3.o)
 .debug_info    0x00008225      0x20a /home/tang/riscv/lib/gcc/riscv64-unknown-elf/12.2.0/rv32im/ilp32/libgcc.a(floatunsisf.o)
 .debug_info    0x0000842f      0x254 /home/tang/riscv/lib/gcc/riscv64-unknown-elf/12.2.0/rv32im/ilp32/libgcc.a(extendsfdf2.o)
 .debug_info    0x00008683      0x142 /home/tang/riscv/lib/gcc/riscv64-unknown-elf/12.2.0/rv32im/ilp32/libgcc.a(_clzsi2.o)
 .debug_info    0x000087c5       0xd8 /home/tang/riscv/lib/gcc/riscv64-unknown-elf/12.2.0/rv32im/ilp32/libgcc.a(_clz.o)

.debug_abbrev   0x00000000     0x2a80
 .debug_abbrev  0x00000000      0x2eb /tmp/ccqnMmHQ.o
 .debug_abbrev  0x000002eb      0x256 /tmp/ccQB3YVM.o
 .debug_abbrev  0x00000541      0x235 /tmp/ccOx1wh2.o
 .debug_abbrev  0x00000776      0x226 /tmp/cczrYvXw.o
 .debug_abbrev  0x0000099c      0x1c8 /tmp/ccTns4QT.o
 .debug_abbrev  0x00000b64      0x32e /tmp/ccrEwqL2.o
 .debug_abbrev  0x00000e92      0x30b /tmp/cc9Fvrs1.o
 .debug_abbrev  0x0000119d      0x12e /tmp/ccJAgpNv.o
 .debug_abbrev  0x000012cb       0x12 /tmp/cc5wwW3d.o
 .debug_abbrev  0x000012dd      0x268 /tmp/ccw11JMk.o
 .debug_abbrev  0x00001545      0x1a1 /tmp/ccgJVbeN.o
 .debug_abbrev  0x000016e6      0x17f /home/tang/riscv/lib/gcc/riscv64-unknown-elf/12.2.0/rv32im/ilp32/libgcc.a(adddf3.o)
 .debug_abbrev  0x00001865      0x17c /home/tang/riscv/lib/gcc/riscv64-unknown-elf/12.2.0/rv32im/ilp32/libgcc.a(divdf3.o)
 .debug_abbrev  0x000019e1      0x175 /home/tang/riscv/lib/gcc/riscv64-unknown-elf/12.2.0/rv32im/ilp32/libgcc.a(eqdf2.o)
 .debug_abbrev  0x00001b56      0x153 /home/tang/riscv/lib/gcc/riscv64-unknown-elf/12.2.0/rv32im/ilp32/libgcc.a(gedf2.o)
 .debug_abbrev  0x00001ca9      0x153 /home/tang/riscv/lib/gcc/riscv64-unknown-elf/12.2.0/rv32im/ilp32/libgcc.a(ledf2.o)
 .debug_abbrev  0x00001dfc      0x185 /home/tang/riscv/lib/gcc/riscv64-unknown-elf/12.2.0/rv32im/ilp32/libgcc.a(muldf3.o)
 .debug_abbrev  0x00001f81      0x176 /home/tang/riscv/lib/gcc/riscv64-unknown-elf/12.2.0/rv32im/ilp32/libgcc.a(subdf3.o)
 .debug_abbrev  0x000020f7      0x15d /home/tang/riscv/lib/gcc/riscv64-unknown-elf/12.2.0/rv32im/ilp32/libgcc.a(fixdfsi.o)
 .debug_abbrev  0x00002254      0x162 /home/tang/riscv/lib/gcc/riscv64-unknown-elf/12.2.0/rv32im/ilp32/libgcc.a(fixunsdfsi.o)
 .debug_abbrev  0x000023b6      0x163 /home/tang/riscv/lib/gcc/riscv64-unknown-elf/12.2.0/rv32im/ilp32/libgcc.a(floatunsidf.o)
 .debug_abbrev  0x00002519      0x14c /home/tang/riscv/lib/gcc/riscv64-unknown-elf/12.2.0/rv32im/ilp32/libgcc.a(divsf3.o)
 .debug_abbrev  0x00002665      0x186 /home/tang/riscv/lib/gcc/riscv64-unknown-elf/12.2.0/rv32im/ilp32/libgcc.a(floatunsisf.o)
 .debug_abbrev  0x000027eb      0x15b /home/tang/riscv/lib/gcc/riscv64-unknown-elf/12.2.0/rv32im/ilp32/libgcc.a(extendsfdf2.o)
 .debug_abbrev  0x00002946       0xca /home/tang/riscv/lib/gcc/riscv64-unknown-elf/12.2.0/rv32im/ilp32/libgcc.a(_clzsi2.o)
 .debug_abbrev  0x00002a10       0x70 /home/tang/riscv/lib/gcc/riscv64-unknown-elf/12.2.0/rv32im/ilp32/libgcc.a(_clz.o)

.debug_loclists
                0x00000000    0x10a64
 .debug_loclists
                0x00000000     0x2648 /tmp/ccqnMmHQ.o
 .debug_loclists
                0x00002648      0x6de /tmp/ccQB3YVM.o
 .debug_loclists
                0x00002d26     0x1a54 /tmp/ccOx1wh2.o
 .debug_loclists
                0x0000477a      0x896 /tmp/cczrYvXw.o
 .debug_loclists
                0x00005010     0x1395 /tmp/ccTns4QT.o
 .debug_loclists
                0x000063a5      0x233 /tmp/ccrEwqL2.o
 .debug_loclists
                0x000065d8     0x3970 /tmp/cc9Fvrs1.o
 .debug_loclists
                0x00009f48      0x9ec /tmp/ccJAgpNv.o
 .debug_loclists
                0x0000a934      0xe65 /tmp/ccw11JMk.o
 .debug_loclists
                0x0000b799       0xcb /tmp/ccgJVbeN.o
 .debug_loclists
                0x0000b864     0x10f5 /home/tang/riscv/lib/gcc/riscv64-unknown-elf/12.2.0/rv32im/ilp32/libgcc.a(adddf3.o)
 .debug_loclists
                0x0000c959      0xf0a /home/tang/riscv/lib/gcc/riscv64-unknown-elf/12.2.0/rv32im/ilp32/libgcc.a(divdf3.o)
 .debug_loclists
                0x0000d863       0x87 /home/tang/riscv/lib/gcc/riscv64-unknown-elf/12.2.0/rv32im/ilp32/libgcc.a(eqdf2.o)
 .debug_loclists
                0x0000d8ea      0x2f9 /home/tang/riscv/lib/gcc/riscv64-unknown-elf/12.2.0/rv32im/ilp32/libgcc.a(gedf2.o)
 .debug_loclists
                0x0000dbe3      0x2f9 /home/tang/riscv/lib/gcc/riscv64-unknown-elf/12.2.0/rv32im/ilp32/libgcc.a(ledf2.o)
 .debug_loclists
                0x0000dedc      0xc0f /home/tang/riscv/lib/gcc/riscv64-unknown-elf/12.2.0/rv32im/ilp32/libgcc.a(muldf3.o)
 .debug_loclists
                0x0000eaeb     0x1248 /home/tang/riscv/lib/gcc/riscv64-unknown-elf/12.2.0/rv32im/ilp32/libgcc.a(subdf3.o)
 .debug_loclists
                0x0000fd33      0x167 /home/tang/riscv/lib/gcc/riscv64-unknown-elf/12.2.0/rv32im/ilp32/libgcc.a(fixdfsi.o)
 .debug_loclists
                0x0000fe9a       0xdc /home/tang/riscv/lib/gcc/riscv64-unknown-elf/12.2.0/rv32im/ilp32/libgcc.a(fixunsdfsi.o)
 .debug_loclists
                0x0000ff76      0x137 /home/tang/riscv/lib/gcc/riscv64-unknown-elf/12.2.0/rv32im/ilp32/libgcc.a(floatunsidf.o)
 .debug_loclists
                0x000100ad      0x5e0 /home/tang/riscv/lib/gcc/riscv64-unknown-elf/12.2.0/rv32im/ilp32/libgcc.a(divsf3.o)
 .debug_loclists
                0x0001068d      0x1a6 /home/tang/riscv/lib/gcc/riscv64-unknown-elf/12.2.0/rv32im/ilp32/libgcc.a(floatunsisf.o)
 .debug_loclists
                0x00010833      0x1cf /home/tang/riscv/lib/gcc/riscv64-unknown-elf/12.2.0/rv32im/ilp32/libgcc.a(extendsfdf2.o)
 .debug_loclists
                0x00010a02       0x62 /home/tang/riscv/lib/gcc/riscv64-unknown-elf/12.2.0/rv32im/ilp32/libgcc.a(_clzsi2.o)

.debug_aranges  0x00000000      0x348
 .debug_aranges
                0x00000000       0x20 /tmp/ccqnMmHQ.o
 .debug_aranges
                0x00000020       0x28 /tmp/ccQB3YVM.o
 .debug_aranges
                0x00000048       0x20 /tmp/ccOx1wh2.o
 .debug_aranges
                0x00000068       0x20 /tmp/cczrYvXw.o
 .debug_aranges
                0x00000088       0x20 /tmp/ccTns4QT.o
 .debug_aranges
                0x000000a8       0x20 /tmp/ccrEwqL2.o
 .debug_aranges
                0x000000c8       0x20 /tmp/cc9Fvrs1.o
 .debug_aranges
                0x000000e8       0x20 /tmp/ccJAgpNv.o
 .debug_aranges
                0x00000108       0x28 /tmp/cc5wwW3d.o
 .debug_aranges
                0x00000130       0x20 /tmp/ccw11JMk.o
 .debug_aranges
                0x00000150       0x20 /tmp/ccgJVbeN.o
 .debug_aranges
                0x00000170       0x20 /home/tang/riscv/lib/gcc/riscv64-unknown-elf/12.2.0/rv32im/ilp32/libgcc.a(adddf3.o)
 .debug_aranges
                0x00000190       0x20 /home/tang/riscv/lib/gcc/riscv64-unknown-elf/12.2.0/rv32im/ilp32/libgcc.a(divdf3.o)
 .debug_aranges
                0x000001b0       0x20 /home/tang/riscv/lib/gcc/riscv64-unknown-elf/12.2.0/rv32im/ilp32/libgcc.a(eqdf2.o)
 .debug_aranges
                0x000001d0       0x20 /home/tang/riscv/lib/gcc/riscv64-unknown-elf/12.2.0/rv32im/ilp32/libgcc.a(gedf2.o)
 .debug_aranges
                0x000001f0       0x20 /home/tang/riscv/lib/gcc/riscv64-unknown-elf/12.2.0/rv32im/ilp32/libgcc.a(ledf2.o)
 .debug_aranges
                0x00000210       0x20 /home/tang/riscv/lib/gcc/riscv64-unknown-elf/12.2.0/rv32im/ilp32/libgcc.a(muldf3.o)
 .debug_aranges
                0x00000230       0x20 /home/tang/riscv/lib/gcc/riscv64-unknown-elf/12.2.0/rv32im/ilp32/libgcc.a(subdf3.o)
 .debug_aranges
                0x00000250       0x20 /home/tang/riscv/lib/gcc/riscv64-unknown-elf/12.2.0/rv32im/ilp32/libgcc.a(fixdfsi.o)
 .debug_aranges
                0x00000270       0x20 /home/tang/riscv/lib/gcc/riscv64-unknown-elf/12.2.0/rv32im/ilp32/libgcc.a(fixunsdfsi.o)
 .debug_aranges
                0x00000290       0x20 /home/tang/riscv/lib/gcc/riscv64-unknown-elf/12.2.0/rv32im/ilp32/libgcc.a(floatunsidf.o)
 .debug_aranges
                0x000002b0       0x20 /home/tang/riscv/lib/gcc/riscv64-unknown-elf/12.2.0/rv32im/ilp32/libgcc.a(divsf3.o)
 .debug_aranges
                0x000002d0       0x20 /home/tang/riscv/lib/gcc/riscv64-unknown-elf/12.2.0/rv32im/ilp32/libgcc.a(floatunsisf.o)
 .debug_aranges
                0x000002f0       0x20 /home/tang/riscv/lib/gcc/riscv64-unknown-elf/12.2.0/rv32im/ilp32/libgcc.a(extendsfdf2.o)
 .debug_aranges
                0x00000310       0x20 /home/tang/riscv/lib/gcc/riscv64-unknown-elf/12.2.0/rv32im/ilp32/libgcc.a(_clzsi2.o)
 .debug_aranges
                0x00000330       0x18 /home/tang/riscv/lib/gcc/riscv64-unknown-elf/12.2.0/rv32im/ilp32/libgcc.a(_clz.o)

.debug_rnglists
                0x00000000     0x210d
 .debug_rnglists
                0x00000000      0x31e /tmp/ccqnMmHQ.o
 .debug_rnglists
                0x0000031e       0xc4 /tmp/ccQB3YVM.o
 .debug_rnglists
                0x000003e2      0x2c4 /tmp/ccOx1wh2.o
 .debug_rnglists
                0x000006a6      0x1c3 /tmp/cczrYvXw.o
 .debug_rnglists
                0x00000869      0x12d /tmp/ccTns4QT.o
 .debug_rnglists
                0x00000996       0x4e /tmp/ccrEwqL2.o
 .debug_rnglists
                0x000009e4      0x24c /tmp/cc9Fvrs1.o
 .debug_rnglists
                0x00000c30       0x1b /tmp/cc5wwW3d.o
 .debug_rnglists
                0x00000c4b      0x950 /tmp/ccw11JMk.o
 .debug_rnglists
                0x0000159b      0x20f /home/tang/riscv/lib/gcc/riscv64-unknown-elf/12.2.0/rv32im/ilp32/libgcc.a(adddf3.o)
 .debug_rnglists
                0x000017aa      0x177 /home/tang/riscv/lib/gcc/riscv64-unknown-elf/12.2.0/rv32im/ilp32/libgcc.a(divdf3.o)
 .debug_rnglists
                0x00001921       0x56 /home/tang/riscv/lib/gcc/riscv64-unknown-elf/12.2.0/rv32im/ilp32/libgcc.a(eqdf2.o)
 .debug_rnglists
                0x00001977       0x7b /home/tang/riscv/lib/gcc/riscv64-unknown-elf/12.2.0/rv32im/ilp32/libgcc.a(gedf2.o)
 .debug_rnglists
                0x000019f2       0x7b /home/tang/riscv/lib/gcc/riscv64-unknown-elf/12.2.0/rv32im/ilp32/libgcc.a(ledf2.o)
 .debug_rnglists
                0x00001a6d      0x1e6 /home/tang/riscv/lib/gcc/riscv64-unknown-elf/12.2.0/rv32im/ilp32/libgcc.a(muldf3.o)
 .debug_rnglists
                0x00001c53      0x275 /home/tang/riscv/lib/gcc/riscv64-unknown-elf/12.2.0/rv32im/ilp32/libgcc.a(subdf3.o)
 .debug_rnglists
                0x00001ec8       0x1f /home/tang/riscv/lib/gcc/riscv64-unknown-elf/12.2.0/rv32im/ilp32/libgcc.a(fixdfsi.o)
 .debug_rnglists
                0x00001ee7       0x28 /home/tang/riscv/lib/gcc/riscv64-unknown-elf/12.2.0/rv32im/ilp32/libgcc.a(fixunsdfsi.o)
 .debug_rnglists
                0x00001f0f       0x6a /home/tang/riscv/lib/gcc/riscv64-unknown-elf/12.2.0/rv32im/ilp32/libgcc.a(floatunsidf.o)
 .debug_rnglists
                0x00001f79       0xd0 /home/tang/riscv/lib/gcc/riscv64-unknown-elf/12.2.0/rv32im/ilp32/libgcc.a(divsf3.o)
 .debug_rnglists
                0x00002049       0x61 /home/tang/riscv/lib/gcc/riscv64-unknown-elf/12.2.0/rv32im/ilp32/libgcc.a(floatunsisf.o)
 .debug_rnglists
                0x000020aa       0x3b /home/tang/riscv/lib/gcc/riscv64-unknown-elf/12.2.0/rv32im/ilp32/libgcc.a(extendsfdf2.o)
 .debug_rnglists
                0x000020e5       0x28 /home/tang/riscv/lib/gcc/riscv64-unknown-elf/12.2.0/rv32im/ilp32/libgcc.a(_clzsi2.o)

.debug_line     0x00000000    0x21b70
 .debug_line    0x00000000     0x33c6 /tmp/ccqnMmHQ.o
 .debug_line    0x000033c6     0x216e /tmp/ccQB3YVM.o
 .debug_line    0x00005534     0x6393 /tmp/ccOx1wh2.o
 .debug_line    0x0000b8c7     0x1ed5 /tmp/cczrYvXw.o
 .debug_line    0x0000d79c     0x2475 /tmp/ccTns4QT.o
 .debug_line    0x0000fc11      0x524 /tmp/ccrEwqL2.o
 .debug_line    0x00010135     0x76fc /tmp/cc9Fvrs1.o
 .debug_line    0x00017831     0x161a /tmp/ccJAgpNv.o
 .debug_line    0x00018e4b      0x187 /tmp/cc5wwW3d.o
 .debug_line    0x00018fd2     0x2aa6 /tmp/ccw11JMk.o
 .debug_line    0x0001ba78      0x3ac /tmp/ccgJVbeN.o
 .debug_line    0x0001be24     0x1037 /home/tang/riscv/lib/gcc/riscv64-unknown-elf/12.2.0/rv32im/ilp32/libgcc.a(adddf3.o)
 .debug_line    0x0001ce5b      0xf87 /home/tang/riscv/lib/gcc/riscv64-unknown-elf/12.2.0/rv32im/ilp32/libgcc.a(divdf3.o)
 .debug_line    0x0001dde2      0x215 /home/tang/riscv/lib/gcc/riscv64-unknown-elf/12.2.0/rv32im/ilp32/libgcc.a(eqdf2.o)
 .debug_line    0x0001dff7      0x345 /home/tang/riscv/lib/gcc/riscv64-unknown-elf/12.2.0/rv32im/ilp32/libgcc.a(gedf2.o)
 .debug_line    0x0001e33c      0x345 /home/tang/riscv/lib/gcc/riscv64-unknown-elf/12.2.0/rv32im/ilp32/libgcc.a(ledf2.o)
 .debug_line    0x0001e681      0xe0b /home/tang/riscv/lib/gcc/riscv64-unknown-elf/12.2.0/rv32im/ilp32/libgcc.a(muldf3.o)
 .debug_line    0x0001f48c     0x118b /home/tang/riscv/lib/gcc/riscv64-unknown-elf/12.2.0/rv32im/ilp32/libgcc.a(subdf3.o)
 .debug_line    0x00020617      0x1db /home/tang/riscv/lib/gcc/riscv64-unknown-elf/12.2.0/rv32im/ilp32/libgcc.a(fixdfsi.o)
 .debug_line    0x000207f2      0x177 /home/tang/riscv/lib/gcc/riscv64-unknown-elf/12.2.0/rv32im/ilp32/libgcc.a(fixunsdfsi.o)
 .debug_line    0x00020969      0x241 /home/tang/riscv/lib/gcc/riscv64-unknown-elf/12.2.0/rv32im/ilp32/libgcc.a(floatunsidf.o)
 .debug_line    0x00020baa      0x818 /home/tang/riscv/lib/gcc/riscv64-unknown-elf/12.2.0/rv32im/ilp32/libgcc.a(divsf3.o)
 .debug_line    0x000213c2      0x32b /home/tang/riscv/lib/gcc/riscv64-unknown-elf/12.2.0/rv32im/ilp32/libgcc.a(floatunsisf.o)
 .debug_line    0x000216ed      0x379 /home/tang/riscv/lib/gcc/riscv64-unknown-elf/12.2.0/rv32im/ilp32/libgcc.a(extendsfdf2.o)
 .debug_line    0x00021a66       0xcb /home/tang/riscv/lib/gcc/riscv64-unknown-elf/12.2.0/rv32im/ilp32/libgcc.a(_clzsi2.o)
 .debug_line    0x00021b31       0x3f /home/tang/riscv/lib/gcc/riscv64-unknown-elf/12.2.0/rv32im/ilp32/libgcc.a(_clz.o)

.debug_str      0x00000000     0x1316
 .debug_str     0x00000000      0x44e /tmp/ccqnMmHQ.o
                                0x4ce (size before relaxing)
 .debug_str     0x0000044e      0x1c3 /tmp/ccQB3YVM.o
                                0x4c6 (size before relaxing)
 .debug_str     0x00000611       0x9d /tmp/ccOx1wh2.o
                                0x280 (size before relaxing)
 .debug_str     0x000006ae      0x10a /tmp/cczrYvXw.o
                                0x2ea (size before relaxing)
 .debug_str     0x000007b8       0x5e /tmp/ccTns4QT.o
                                0x232 (size before relaxing)
 .debug_str     0x00000816      0x11b /tmp/ccrEwqL2.o
                                0x522 (size before relaxing)
 .debug_str     0x00000931      0x10f /tmp/cc9Fvrs1.o
                                0x2c3 (size before relaxing)
 .debug_str     0x00000a40       0x48 /tmp/ccJAgpNv.o
                                0x1ed (size before relaxing)
 .debug_str     0x00000a88       0x78 /tmp/cc5wwW3d.o
 .debug_str     0x00000b00      0x11b /tmp/ccw11JMk.o
                                0x298 (size before relaxing)
 .debug_str     0x00000c1b       0x25 /tmp/ccgJVbeN.o
                                0x1a4 (size before relaxing)
 .debug_str     0x00000c40      0x213 /home/tang/riscv/lib/gcc/riscv64-unknown-elf/12.2.0/rv32im/ilp32/libgcc.a(adddf3.o)
                                0x2a2 (size before relaxing)
 .debug_str     0x00000e53      0x1a8 /home/tang/riscv/lib/gcc/riscv64-unknown-elf/12.2.0/rv32im/ilp32/libgcc.a(divdf3.o)
                                0x364 (size before relaxing)
 .debug_str     0x00000ffb       0x27 /home/tang/riscv/lib/gcc/riscv64-unknown-elf/12.2.0/rv32im/ilp32/libgcc.a(eqdf2.o)
                                0x1b4 (size before relaxing)
 .debug_str     0x00001022       0x2c /home/tang/riscv/lib/gcc/riscv64-unknown-elf/12.2.0/rv32im/ilp32/libgcc.a(gedf2.o)
                                0x1d8 (size before relaxing)
 .debug_str     0x0000104e        0x8 /home/tang/riscv/lib/gcc/riscv64-unknown-elf/12.2.0/rv32im/ilp32/libgcc.a(ledf2.o)
                                0x1d8 (size before relaxing)
 .debug_str     0x00001056      0x125 /home/tang/riscv/lib/gcc/riscv64-unknown-elf/12.2.0/rv32im/ilp32/libgcc.a(muldf3.o)
                                0x3bc (size before relaxing)
 .debug_str     0x0000117b        0x9 /home/tang/riscv/lib/gcc/riscv64-unknown-elf/12.2.0/rv32im/ilp32/libgcc.a(subdf3.o)
                                0x2a2 (size before relaxing)
 .debug_str     0x00001184       0x1b /home/tang/riscv/lib/gcc/riscv64-unknown-elf/12.2.0/rv32im/ilp32/libgcc.a(fixdfsi.o)
                                0x1af (size before relaxing)
 .debug_str     0x0000119f      0x1ab /home/tang/riscv/lib/gcc/riscv64-unknown-elf/12.2.0/rv32im/ilp32/libgcc.a(fixunsdfsi.o)
 .debug_str     0x0000119f       0x2d /home/tang/riscv/lib/gcc/riscv64-unknown-elf/12.2.0/rv32im/ilp32/libgcc.a(floatunsidf.o)
                                0x247 (size before relaxing)
 .debug_str     0x000011cc       0xe0 /home/tang/riscv/lib/gcc/riscv64-unknown-elf/12.2.0/rv32im/ilp32/libgcc.a(divsf3.o)
                                0x2cf (size before relaxing)
 .debug_str     0x000012ac       0x15 /home/tang/riscv/lib/gcc/riscv64-unknown-elf/12.2.0/rv32im/ilp32/libgcc.a(floatunsisf.o)
                                0x228 (size before relaxing)
 .debug_str     0x000012c1        0xd /home/tang/riscv/lib/gcc/riscv64-unknown-elf/12.2.0/rv32im/ilp32/libgcc.a(extendsfdf2.o)
                                0x1d8 (size before relaxing)
 .debug_str     0x000012ce       0x48 /home/tang/riscv/lib/gcc/riscv64-unknown-elf/12.2.0/rv32im/ilp32/libgcc.a(_clzsi2.o)
                                0x1b2 (size before relaxing)
 .debug_str     0x00001316      0x195 /home/tang/riscv/lib/gcc/riscv64-unknown-elf/12.2.0/rv32im/ilp32/libgcc.a(_clz.o)

.debug_line_str
                0x00000000      0x87f
 .debug_line_str
                0x00000000       0xfd /tmp/ccqnMmHQ.o
                                0x15b (size before relaxing)
 .debug_line_str
                0x000000fd        0xc /tmp/ccQB3YVM.o
                                0x14c (size before relaxing)
 .debug_line_str
                0x00000109        0xe /tmp/ccOx1wh2.o
                                0x112 (size before relaxing)
 .debug_line_str
                0x00000117        0xd /tmp/cczrYvXw.o
                                0x10f (size before relaxing)
 .debug_line_str
                0x00000124        0xc /tmp/ccTns4QT.o
                                0x101 (size before relaxing)
 .debug_line_str
                0x00000130       0xff /tmp/ccrEwqL2.o
                                0x243 (size before relaxing)
 .debug_line_str
                0x0000022f       0xb1 /tmp/cc9Fvrs1.o
                                0x1e4 (size before relaxing)
 .debug_line_str
                0x000002e0       0x52 /tmp/ccJAgpNv.o
                                 0xd6 (size before relaxing)
 .debug_line_str
                0x00000332        0x7 /tmp/cc5wwW3d.o
                                 0x6a (size before relaxing)
 .debug_line_str
                0x00000339       0x4b /tmp/ccw11JMk.o
                                0x154 (size before relaxing)
 .debug_line_str
                0x00000384       0x40 /tmp/ccgJVbeN.o
                                0x12a (size before relaxing)
 .debug_line_str
                0x000003c4       0xed /home/tang/riscv/lib/gcc/riscv64-unknown-elf/12.2.0/rv32im/ilp32/libgcc.a(adddf3.o)
                                0x166 (size before relaxing)
 .debug_line_str
                0x000004b1       0x4d /home/tang/riscv/lib/gcc/riscv64-unknown-elf/12.2.0/rv32im/ilp32/libgcc.a(divdf3.o)
                                0x170 (size before relaxing)
 .debug_line_str
                0x000004fe       0x50 /home/tang/riscv/lib/gcc/riscv64-unknown-elf/12.2.0/rv32im/ilp32/libgcc.a(eqdf2.o)
                                0x173 (size before relaxing)
 .debug_line_str
                0x0000054e       0x42 /home/tang/riscv/lib/gcc/riscv64-unknown-elf/12.2.0/rv32im/ilp32/libgcc.a(gedf2.o)
                                0x173 (size before relaxing)
 .debug_line_str
                0x00000590       0x42 /home/tang/riscv/lib/gcc/riscv64-unknown-elf/12.2.0/rv32im/ilp32/libgcc.a(ledf2.o)
                                0x173 (size before relaxing)
 .debug_line_str
                0x000005d2       0x43 /home/tang/riscv/lib/gcc/riscv64-unknown-elf/12.2.0/rv32im/ilp32/libgcc.a(muldf3.o)
                                0x170 (size before relaxing)
 .debug_line_str
                0x00000615       0x43 /home/tang/riscv/lib/gcc/riscv64-unknown-elf/12.2.0/rv32im/ilp32/libgcc.a(subdf3.o)
                                0x166 (size before relaxing)
 .debug_line_str
                0x00000658       0x44 /home/tang/riscv/lib/gcc/riscv64-unknown-elf/12.2.0/rv32im/ilp32/libgcc.a(fixdfsi.o)
                                0x173 (size before relaxing)
 .debug_line_str
                0x0000069c       0x47 /home/tang/riscv/lib/gcc/riscv64-unknown-elf/12.2.0/rv32im/ilp32/libgcc.a(fixunsdfsi.o)
                                0x17c (size before relaxing)
 .debug_line_str
                0x000006e3       0x48 /home/tang/riscv/lib/gcc/riscv64-unknown-elf/12.2.0/rv32im/ilp32/libgcc.a(floatunsidf.o)
                                0x17f (size before relaxing)
 .debug_line_str
                0x0000072b       0x4c /home/tang/riscv/lib/gcc/riscv64-unknown-elf/12.2.0/rv32im/ilp32/libgcc.a(divsf3.o)
                                0x166 (size before relaxing)
 .debug_line_str
                0x00000777       0x48 /home/tang/riscv/lib/gcc/riscv64-unknown-elf/12.2.0/rv32im/ilp32/libgcc.a(floatunsisf.o)
                                0x17f (size before relaxing)
 .debug_line_str
                0x000007bf       0x48 /home/tang/riscv/lib/gcc/riscv64-unknown-elf/12.2.0/rv32im/ilp32/libgcc.a(extendsfdf2.o)
                                0x17e (size before relaxing)
 .debug_line_str
                0x00000807       0x78 /home/tang/riscv/lib/gcc/riscv64-unknown-elf/12.2.0/rv32im/ilp32/libgcc.a(_clzsi2.o)
                                0x15a (size before relaxing)
 .debug_line_str
                0x0000087f      0x15a /home/tang/riscv/lib/gcc/riscv64-unknown-elf/12.2.0/rv32im/ilp32/libgcc.a(_clz.o)

.comment        0x00000000       0x21
 .comment       0x00000000        0xf /tmp/ccqnMmHQ.o
                                 0x10 (size before relaxing)
 .comment       0x0000000f       0x10 /tmp/ccQB3YVM.o
 .comment       0x0000000f       0x10 /tmp/ccOx1wh2.o
 .comment       0x0000000f       0x10 /tmp/cczrYvXw.o
 .comment       0x0000000f       0x10 /tmp/ccTns4QT.o
 .comment       0x0000000f       0x10 /tmp/ccrEwqL2.o
 .comment       0x0000000f       0x10 /tmp/cc9Fvrs1.o
 .comment       0x0000000f       0x10 /tmp/ccJAgpNv.o
 .comment       0x0000000f       0x10 /tmp/ccw11JMk.o
 .comment       0x0000000f       0x10 /tmp/ccgJVbeN.o
 .comment       0x0000000f       0x12 /home/tang/riscv/lib/gcc/riscv64-unknown-elf/12.2.0/../../../../riscv64-unknown-elf/lib/rv32im/ilp32/libm.a(lib_a-s_modf.o)
                                 0x13 (size before relaxing)
 .comment       0x00000021       0x13 /home/tang/riscv/lib/gcc/riscv64-unknown-elf/12.2.0/../../../../riscv64-unknown-elf/lib/rv32im/ilp32/libm.a(lib_a-s_fpclassify.o)
 .comment       0x00000021       0x10 /home/tang/riscv/lib/gcc/riscv64-unknown-elf/12.2.0/rv32im/ilp32/libgcc.a(adddf3.o)
 .comment       0x00000021       0x10 /home/tang/riscv/lib/gcc/riscv64-unknown-elf/12.2.0/rv32im/ilp32/libgcc.a(divdf3.o)
 .comment       0x00000021       0x10 /home/tang/riscv/lib/gcc/riscv64-unknown-elf/12.2.0/rv32im/ilp32/libgcc.a(eqdf2.o)
 .comment       0x00000021       0x10 /home/tang/riscv/lib/gcc/riscv64-unknown-elf/12.2.0/rv32im/ilp32/libgcc.a(gedf2.o)
 .comment       0x00000021       0x10 /home/tang/riscv/lib/gcc/riscv64-unknown-elf/12.2.0/rv32im/ilp32/libgcc.a(ledf2.o)
 .comment       0x00000021       0x10 /home/tang/riscv/lib/gcc/riscv64-unknown-elf/12.2.0/rv32im/ilp32/libgcc.a(muldf3.o)
 .comment       0x00000021       0x10 /home/tang/riscv/lib/gcc/riscv64-unknown-elf/12.2.0/rv32im/ilp32/libgcc.a(subdf3.o)
 .comment       0x00000021       0x10 /home/tang/riscv/lib/gcc/riscv64-unknown-elf/12.2.0/rv32im/ilp32/libgcc.a(fixdfsi.o)
 .comment       0x00000021       0x10 /home/tang/riscv/lib/gcc/riscv64-unknown-elf/12.2.0/rv32im/ilp32/libgcc.a(fixunsdfsi.o)
 .comment       0x00000021       0x10 /home/tang/riscv/lib/gcc/riscv64-unknown-elf/12.2.0/rv32im/ilp32/libgcc.a(floatunsidf.o)
 .comment       0x00000021       0x10 /home/tang/riscv/lib/gcc/riscv64-unknown-elf/12.2.0/rv32im/ilp32/libgcc.a(divsf3.o)
 .comment       0x00000021       0x10 /home/tang/riscv/lib/gcc/riscv64-unknown-elf/12.2.0/rv32im/ilp32/libgcc.a(floatunsisf.o)
 .comment       0x00000021       0x10 /home/tang/riscv/lib/gcc/riscv64-unknown-elf/12.2.0/rv32im/ilp32/libgcc.a(extendsfdf2.o)
 .comment       0x00000021       0x10 /home/tang/riscv/lib/gcc/riscv64-unknown-elf/12.2.0/rv32im/ilp32/libgcc.a(_clzsi2.o)
 .comment       0x00000021       0x10 /home/tang/riscv/lib/gcc/riscv64-unknown-elf/12.2.0/rv32im/ilp32/libgcc.a(_clz.o)

.riscv.attributes
                0x00000000       0x2e
 .riscv.attributes
                0x00000000       0x2a /tmp/ccqnMmHQ.o
 .riscv.attributes
                0x0000002a       0x2a /tmp/ccQB3YVM.o
 .riscv.attributes
                0x00000054       0x2a /tmp/ccOx1wh2.o
 .riscv.attributes
                0x0000007e       0x2a /tmp/cczrYvXw.o
 .riscv.attributes
                0x000000a8       0x2a /tmp/ccTns4QT.o
 .riscv.attributes
                0x000000d2       0x2e /tmp/ccrEwqL2.o
 .riscv.attributes
                0x00000100       0x2a /tmp/cc9Fvrs1.o
 .riscv.attributes
                0x0000012a       0x2a /tmp/ccJAgpNv.o
 .riscv.attributes
                0x00000154       0x2c /tmp/cc5wwW3d.o
 .riscv.attributes
                0x00000180       0x2e /tmp/ccw11JMk.o
 .riscv.attributes
                0x000001ae       0x2a /tmp/ccgJVbeN.o
 .riscv.attributes
                0x000001d8       0x2a /home/tang/riscv/lib/gcc/riscv64-unknown-elf/12.2.0/../../../../riscv64-unknown-elf/lib/rv32im/ilp32/libm.a(lib_a-s_modf.o)
 .riscv.attributes
                0x00000202       0x2a /home/tang/riscv/lib/gcc/riscv64-unknown-elf/12.2.0/../../../../riscv64-unknown-elf/lib/rv32im/ilp32/libm.a(lib_a-s_fpclassify.o)
 .riscv.attributes
                0x0000022c       0x2a /home/tang/riscv/lib/gcc/riscv64-unknown-elf/12.2.0/rv32im/ilp32/libgcc.a(adddf3.o)
 .riscv.attributes
                0x00000256       0x2a /home/tang/riscv/lib/gcc/riscv64-unknown-elf/12.2.0/rv32im/ilp32/libgcc.a(divdf3.o)
 .riscv.attributes
                0x00000280       0x2a /home/tang/riscv/lib/gcc/riscv64-unknown-elf/12.2.0/rv32im/ilp32/libgcc.a(eqdf2.o)
 .riscv.attributes
                0x000002aa       0x2a /home/tang/riscv/lib/gcc/riscv64-unknown-elf/12.2.0/rv32im/ilp32/libgcc.a(gedf2.o)
 .riscv.attributes
                0x000002d4       0x2a /home/tang/riscv/lib/gcc/riscv64-unknown-elf/12.2.0/rv32im/ilp32/libgcc.a(ledf2.o)
 .riscv.attributes
                0x000002fe       0x2a /home/tang/riscv/lib/gcc/riscv64-unknown-elf/12.2.0/rv32im/ilp32/libgcc.a(muldf3.o)
 .riscv.attributes
                0x00000328       0x2a /home/tang/riscv/lib/gcc/riscv64-unknown-elf/12.2.0/rv32im/ilp32/libgcc.a(subdf3.o)
 .riscv.attributes
                0x00000352       0x2a /home/tang/riscv/lib/gcc/riscv64-unknown-elf/12.2.0/rv32im/ilp32/libgcc.a(fixdfsi.o)
 .riscv.attributes
                0x0000037c       0x2a /home/tang/riscv/lib/gcc/riscv64-unknown-elf/12.2.0/rv32im/ilp32/libgcc.a(fixunsdfsi.o)
 .riscv.attributes
                0x000003a6       0x2a /home/tang/riscv/lib/gcc/riscv64-unknown-elf/12.2.0/rv32im/ilp32/libgcc.a(floatunsidf.o)
 .riscv.attributes
                0x000003d0       0x2a /home/tang/riscv/lib/gcc/riscv64-unknown-elf/12.2.0/rv32im/ilp32/libgcc.a(divsf3.o)
 .riscv.attributes
                0x000003fa       0x2a /home/tang/riscv/lib/gcc/riscv64-unknown-elf/12.2.0/rv32im/ilp32/libgcc.a(floatunsisf.o)
 .riscv.attributes
                0x00000424       0x2a /home/tang/riscv/lib/gcc/riscv64-unknown-elf/12.2.0/rv32im/ilp32/libgcc.a(extendsfdf2.o)
 .riscv.attributes
                0x0000044e       0x2a /home/tang/riscv/lib/gcc/riscv64-unknown-elf/12.2.0/rv32im/ilp32/libgcc.a(_clzsi2.o)
 .riscv.attributes
                0x00000478       0x2a /home/tang/riscv/lib/gcc/riscv64-unknown-elf/12.2.0/rv32im/ilp32/libgcc.a(_clz.o)

.debug_frame    0x00000000      0xc1c
 .debug_frame   0x00000000      0x1a0 /tmp/ccqnMmHQ.o
 .debug_frame   0x000001a0       0x98 /tmp/ccQB3YVM.o
 .debug_frame   0x00000238      0x1f0 /tmp/ccOx1wh2.o
 .debug_frame   0x00000428       0x74 /tmp/cczrYvXw.o
 .debug_frame   0x0000049c       0x70 /tmp/ccTns4QT.o
 .debug_frame   0x0000050c      0x164 /tmp/ccrEwqL2.o
 .debug_frame   0x00000670       0x90 /tmp/cc9Fvrs1.o
 .debug_frame   0x00000700       0xa0 /tmp/ccJAgpNv.o
 .debug_frame   0x000007a0      0x12c /tmp/ccw11JMk.o
 .debug_frame   0x000008cc       0x74 /tmp/ccgJVbeN.o
 .debug_frame   0x00000940       0x44 /home/tang/riscv/lib/gcc/riscv64-unknown-elf/12.2.0/rv32im/ilp32/libgcc.a(adddf3.o)
 .debug_frame   0x00000984       0x54 /home/tang/riscv/lib/gcc/riscv64-unknown-elf/12.2.0/rv32im/ilp32/libgcc.a(divdf3.o)
 .debug_frame   0x000009d8       0x20 /home/tang/riscv/lib/gcc/riscv64-unknown-elf/12.2.0/rv32im/ilp32/libgcc.a(eqdf2.o)
 .debug_frame   0x000009f8       0x20 /home/tang/riscv/lib/gcc/riscv64-unknown-elf/12.2.0/rv32im/ilp32/libgcc.a(gedf2.o)
 .debug_frame   0x00000a18       0x20 /home/tang/riscv/lib/gcc/riscv64-unknown-elf/12.2.0/rv32im/ilp32/libgcc.a(ledf2.o)
 .debug_frame   0x00000a38       0x54 /home/tang/riscv/lib/gcc/riscv64-unknown-elf/12.2.0/rv32im/ilp32/libgcc.a(muldf3.o)
 .debug_frame   0x00000a8c       0x44 /home/tang/riscv/lib/gcc/riscv64-unknown-elf/12.2.0/rv32im/ilp32/libgcc.a(subdf3.o)
 .debug_frame   0x00000ad0       0x20 /home/tang/riscv/lib/gcc/riscv64-unknown-elf/12.2.0/rv32im/ilp32/libgcc.a(fixdfsi.o)
 .debug_frame   0x00000af0       0x20 /home/tang/riscv/lib/gcc/riscv64-unknown-elf/12.2.0/rv32im/ilp32/libgcc.a(fixunsdfsi.o)
 .debug_frame   0x00000b10       0x34 /home/tang/riscv/lib/gcc/riscv64-unknown-elf/12.2.0/rv32im/ilp32/libgcc.a(floatunsidf.o)
 .debug_frame   0x00000b44       0x4c /home/tang/riscv/lib/gcc/riscv64-unknown-elf/12.2.0/rv32im/ilp32/libgcc.a(divsf3.o)
 .debug_frame   0x00000b90       0x34 /home/tang/riscv/lib/gcc/riscv64-unknown-elf/12.2.0/rv32im/ilp32/libgcc.a(floatunsisf.o)
 .debug_frame   0x00000bc4       0x38 /home/tang/riscv/lib/gcc/riscv64-unknown-elf/12.2.0/rv32im/ilp32/libgcc.a(extendsfdf2.o)
 .debug_frame   0x00000bfc       0x20 /home/tang/riscv/lib/gcc/riscv64-unknown-elf/12.2.0/rv32im/ilp32/libgcc.a(_clzsi2.o)
