Archive member included to satisfy reference by file (symbol)

/home/tang/riscv/lib/gcc/riscv64-unknown-elf/12.2.0/../../../../riscv64-unknown-elf/lib/rv32im/ilp32/libm.a(lib_a-s_modf.o)
                              /tmp/cc2Cc2Rs.o (modf)
/home/tang/riscv/lib/gcc/riscv64-unknown-elf/12.2.0/../../../../riscv64-unknown-elf/lib/rv32im/ilp32/libm.a(lib_a-s_fpclassify.o)
                              /home/tang/riscv/lib/gcc/riscv64-unknown-elf/12.2.0/../../../../riscv64-unknown-elf/lib/rv32im/ilp32/libm.a(lib_a-s_modf.o) (__fpclassifyd)
/home/tang/riscv/lib/gcc/riscv64-unknown-elf/12.2.0/rv32im/ilp32/libgcc.a(adddf3.o)
                              /tmp/cc2Cc2Rs.o (__adddf3)
/home/tang/riscv/lib/gcc/riscv64-unknown-elf/12.2.0/rv32im/ilp32/libgcc.a(divdf3.o)
                              /tmp/ccRNyY5W.o (__divdf3)
/home/tang/riscv/lib/gcc/riscv64-unknown-elf/12.2.0/rv32im/ilp32/libgcc.a(eqdf2.o)
                              /tmp/cc2Cc2Rs.o (__nedf2)
/home/tang/riscv/lib/gcc/riscv64-unknown-elf/12.2.0/rv32im/ilp32/libgcc.a(gedf2.o)
                              /tmp/ccRNyY5W.o (__gtdf2)
/home/tang/riscv/lib/gcc/riscv64-unknown-elf/12.2.0/rv32im/ilp32/libgcc.a(ledf2.o)
                              /tmp/ccRNyY5W.o (__ltdf2)
/home/tang/riscv/lib/gcc/riscv64-unknown-elf/12.2.0/rv32im/ilp32/libgcc.a(muldf3.o)
                              /tmp/cc2Cc2Rs.o (__muldf3)
/home/tang/riscv/lib/gcc/riscv64-unknown-elf/12.2.0/rv32im/ilp32/libgcc.a(subdf3.o)
                              /home/tang/riscv/lib/gcc/riscv64-unknown-elf/12.2.0/../../../../riscv64-unknown-elf/lib/rv32im/ilp32/libm.a(lib_a-s_modf.o) (__subdf3)
/home/tang/riscv/lib/gcc/riscv64-unknown-elf/12.2.0/rv32im/ilp32/libgcc.a(fixdfsi.o)
                              /tmp/cc2Cc2Rs.o (__fixdfsi)
/home/tang/riscv/lib/gcc/riscv64-unknown-elf/12.2.0/rv32im/ilp32/libgcc.a(fixunsdfsi.o)
                              /tmp/ccRNyY5W.o (__fixunsdfsi)
/home/tang/riscv/lib/gcc/riscv64-unknown-elf/12.2.0/rv32im/ilp32/libgcc.a(floatunsidf.o)
                              /tmp/ccRNyY5W.o (__floatunsidf)
/home/tang/riscv/lib/gcc/riscv64-unknown-elf/12.2.0/rv32im/ilp32/libgcc.a(divsf3.o)
                              /tmp/ccIXVZji.o (__divsf3)
/home/tang/riscv/lib/gcc/riscv64-unknown-elf/12.2.0/rv32im/ilp32/libgcc.a(floatunsisf.o)
                              /tmp/ccIXVZji.o (__floatunsisf)
/home/tang/riscv/lib/gcc/riscv64-unknown-elf/12.2.0/rv32im/ilp32/libgcc.a(extendsfdf2.o)
                              /tmp/ccIXVZji.o (__extendsfdf2)
/home/tang/riscv/lib/gcc/riscv64-unknown-elf/12.2.0/rv32im/ilp32/libgcc.a(_clzsi2.o)
                              /home/tang/riscv/lib/gcc/riscv64-unknown-elf/12.2.0/rv32im/ilp32/libgcc.a(adddf3.o) (__clzsi2)
/home/tang/riscv/lib/gcc/riscv64-unknown-elf/12.2.0/rv32im/ilp32/libgcc.a(_clz.o)
                              /home/tang/riscv/lib/gcc/riscv64-unknown-elf/12.2.0/rv32im/ilp32/libgcc.a(_clzsi2.o) (__clz_tab)

Memory Configuration

Name             Origin             Length             Attributes
ram              0x00100000         0x00030000
stack            0x00130000         0x00008000
*default*        0x00000000         0xffffffff

Linker script and memory map

LOAD /tmp/ccWS2tgQ.o
LOAD /tmp/ccRNyY5W.o
LOAD /tmp/ccSi7aGM.o
LOAD /tmp/ccpUtExy.o
LOAD /tmp/ccZuHjgn.o
LOAD /tmp/ccIXVZji.o
LOAD /tmp/ccVogMTz.o
LOAD /tmp/cc2Cc2Rs.o
LOAD /tmp/ccmsUVVV.o
LOAD /tmp/ccDhsA6U.o
LOAD /home/tang/riscv/lib/gcc/riscv64-unknown-elf/12.2.0/../../../../riscv64-unknown-elf/lib/rv32im/ilp32/libm.a
LOAD /home/tang/riscv/lib/gcc/riscv64-unknown-elf/12.2.0/rv32im/ilp32/libgcc.a
                0x00002000                        _min_stack = 0x2000
                0x00008000                        _stack_len = LENGTH (stack)
                0x00138000                        _stack_start = (ORIGIN (stack) + LENGTH (stack))
                0x00100080                        _entry_point = (_vectors_start + 0x80)
                0x00020008                        tohost = 0x20008
                0x00138010                        fromhost = (_stack_start + 0x10)

.vectors        0x00100000       0x84
                0x00100000                        . = ALIGN (0x4)
                0x00100000                        _vectors_start = .
 *(.vectors)
 .vectors       0x00100000       0x84 /tmp/ccmsUVVV.o
                0x00100084                        _vectors_end = .

.text           0x00100090     0xe4c8
                0x00100090                        . = ALIGN (0x4)
 *(.text)
 .text          0x00100090     0x1420 /tmp/ccWS2tgQ.o
                0x00100090                calc_func
                0x001001b0                cmp_complex
                0x00100390                cmp_idx
                0x001003f0                copy_info
                0x00100410                core_bench_list
                0x00100c80                core_list_init
                0x001010b0                core_list_insert_new
                0x00101110                core_list_remove
                0x00101140                core_list_undo_remove
                0x00101160                core_list_find
                0x001011c0                core_list_reverse
                0x00101270                core_list_mergesort
 *fill*         0x001014b0        0x0 
 .text          0x001014b0       0xa4 /tmp/ccRNyY5W.o
                0x001014b0                iterate
 *fill*         0x00101554        0xc 
 .text          0x00101560     0x2a9c /tmp/ccSi7aGM.o
                0x00101560                matrix_test
                0x00102c80                core_bench_matrix
                0x00102cc0                core_init_matrix
                0x00103090                matrix_sum
                0x00103530                matrix_mul_const
                0x001036e0                matrix_add_const
                0x00103930                matrix_mul_vect
                0x00103b50                matrix_mul_matrix
                0x00103de0                matrix_mul_matrix_bitextract
 *fill*         0x00103ffc        0x4 
 .text          0x00104000      0xc4c /tmp/ccpUtExy.o
                0x00104000                core_init_state
                0x00104330                core_state_transition
                0x00104630                core_bench_state
 *fill*         0x00104c4c        0x4 
 .text          0x00104c50      0xbec /tmp/ccZuHjgn.o
                0x00104c50                get_seed_32
                0x00104cc0                crcu8
                0x00104e00                crcu16
                0x00105080                crcu32
                0x001055a0                crc16
                0x00105830                check_data_types
 *fill*         0x0010583c        0x4 
 .text          0x00105840      0x2ec /tmp/ccIXVZji.o
                0x00105840                barebones_clock
                0x00105850                pcount_read
                0x001058b0                dump_pcounts
                0x00105940                start_time
                0x00105980                stop_time
                0x001059a0                get_time
                0x001059c0                time_in_secs
                0x001059f0                portable_init
                0x00105a30                portable_fini
 *fill*         0x00105b2c        0x4 
 .text          0x00105b30     0x38ac /tmp/ccVogMTz.o
                0x00106510                ee_printf
 *fill*         0x001093dc        0x4 
 .text          0x001093e0      0xd38 /tmp/cc2Cc2Rs.o
                0x0010a0e0                ecvt
                0x0010a0f0                ecvtbuf
                0x0010a100                fcvt
                0x0010a110                fcvtbuf
 .text          0x0010a118       0xd0 /tmp/ccmsUVVV.o
                0x0010a1a4                _start
 *fill*         0x0010a1e8        0x8 
 .text          0x0010a1f0      0xcb4 /tmp/ccDhsA6U.o
                0x0010a1f0                putchar
                0x0010a200                puts
                0x0010a280                puthex
                0x0010a430                sim_halt
                0x0010a440                pcount_reset
                0x0010a540                get_mepc
                0x0010a550                get_mcause
                0x0010a560                get_mtval
                0x0010a570                simple_exc_handler
                0x0010abd0                timer_enable
                0x0010acb0                timer_disable
                0x0010acc0                timer_read
                0x0010ad50                timecmp_update
                0x0010ad70                get_elapsed_time
                0x0010ad80                simple_timer_handler
 .text          0x0010aea4        0x0 /home/tang/riscv/lib/gcc/riscv64-unknown-elf/12.2.0/../../../../riscv64-unknown-elf/lib/rv32im/ilp32/libm.a(lib_a-s_modf.o)
 .text          0x0010aea4        0x0 /home/tang/riscv/lib/gcc/riscv64-unknown-elf/12.2.0/../../../../riscv64-unknown-elf/lib/rv32im/ilp32/libm.a(lib_a-s_fpclassify.o)
 .text          0x0010aea4      0x7ec /home/tang/riscv/lib/gcc/riscv64-unknown-elf/12.2.0/rv32im/ilp32/libgcc.a(adddf3.o)
                0x0010aea4                __adddf3
 .text          0x0010b690      0x6c8 /home/tang/riscv/lib/gcc/riscv64-unknown-elf/12.2.0/rv32im/ilp32/libgcc.a(divdf3.o)
                0x0010b690                __divdf3
 .text          0x0010bd58       0x8c /home/tang/riscv/lib/gcc/riscv64-unknown-elf/12.2.0/rv32im/ilp32/libgcc.a(eqdf2.o)
                0x0010bd58                __eqdf2
                0x0010bd58                __nedf2
 .text          0x0010bde4      0x110 /home/tang/riscv/lib/gcc/riscv64-unknown-elf/12.2.0/rv32im/ilp32/libgcc.a(gedf2.o)
                0x0010bde4                __gtdf2
                0x0010bde4                __gedf2
 .text          0x0010bef4      0x110 /home/tang/riscv/lib/gcc/riscv64-unknown-elf/12.2.0/rv32im/ilp32/libgcc.a(ledf2.o)
                0x0010bef4                __ltdf2
                0x0010bef4                __ledf2
 .text          0x0010c004      0x5fc /home/tang/riscv/lib/gcc/riscv64-unknown-elf/12.2.0/rv32im/ilp32/libgcc.a(muldf3.o)
                0x0010c004                __muldf3
 .text          0x0010c600      0x854 /home/tang/riscv/lib/gcc/riscv64-unknown-elf/12.2.0/rv32im/ilp32/libgcc.a(subdf3.o)
                0x0010c600                __subdf3
 .text          0x0010ce54       0x80 /home/tang/riscv/lib/gcc/riscv64-unknown-elf/12.2.0/rv32im/ilp32/libgcc.a(fixdfsi.o)
                0x0010ce54                __fixdfsi
 .text          0x0010ced4       0x78 /home/tang/riscv/lib/gcc/riscv64-unknown-elf/12.2.0/rv32im/ilp32/libgcc.a(fixunsdfsi.o)
                0x0010ced4                __fixunsdfsi
 .text          0x0010cf4c       0x80 /home/tang/riscv/lib/gcc/riscv64-unknown-elf/12.2.0/rv32im/ilp32/libgcc.a(floatunsidf.o)
                0x0010cf4c                __floatunsidf
 .text          0x0010cfcc      0x330 /home/tang/riscv/lib/gcc/riscv64-unknown-elf/12.2.0/rv32im/ilp32/libgcc.a(divsf3.o)
                0x0010cfcc                __divsf3
 .text          0x0010d2fc       0xe8 /home/tang/riscv/lib/gcc/riscv64-unknown-elf/12.2.0/rv32im/ilp32/libgcc.a(floatunsisf.o)
                0x0010d2fc                __floatunsisf
 .text          0x0010d3e4       0xdc /home/tang/riscv/lib/gcc/riscv64-unknown-elf/12.2.0/rv32im/ilp32/libgcc.a(extendsfdf2.o)
                0x0010d3e4                __extendsfdf2
 .text          0x0010d4c0       0x4c /home/tang/riscv/lib/gcc/riscv64-unknown-elf/12.2.0/rv32im/ilp32/libgcc.a(_clzsi2.o)
                0x0010d4c0                __clzsi2
 .text          0x0010d50c        0x0 /home/tang/riscv/lib/gcc/riscv64-unknown-elf/12.2.0/rv32im/ilp32/libgcc.a(_clz.o)
 *(.text.*)
 *fill*         0x0010d50c        0x4 
 .text.startup  0x0010d510      0xe50 /tmp/ccRNyY5W.o
                0x0010d510                main
 .text.modf     0x0010e360      0x188 /home/tang/riscv/lib/gcc/riscv64-unknown-elf/12.2.0/../../../../riscv64-unknown-elf/lib/rv32im/ilp32/libm.a(lib_a-s_modf.o)
                0x0010e360                modf
 .text.__fpclassifyd
                0x0010e4e8       0x70 /home/tang/riscv/lib/gcc/riscv64-unknown-elf/12.2.0/../../../../riscv64-unknown-elf/lib/rv32im/ilp32/libm.a(lib_a-s_fpclassify.o)
                0x0010e4e8                __fpclassifyd

.rodata         0x0010e558      0xa28
                0x0010e558                        . = ALIGN (0x4)
 *(.srodata)
 .srodata       0x0010e558        0x4 /tmp/ccIXVZji.o
                0x0010e558                pcount_num
 *(.srodata.*)
 *fill*         0x0010e55c        0x4 
 .srodata.cst8  0x0010e560        0x8 /tmp/ccRNyY5W.o
 .srodata.cst8  0x0010e568        0x8 /tmp/ccIXVZji.o
 .srodata.cst4  0x0010e570        0x4 /tmp/ccIXVZji.o
 *fill*         0x0010e574        0x4 
 .srodata.cst8  0x0010e578       0x10 /tmp/cc2Cc2Rs.o
                                 0x18 (size before relaxing)
 *(.rodata)
 .rodata        0x0010e588       0x40 /tmp/ccpUtExy.o
 .rodata        0x0010e5c8       0x18 /tmp/ccZuHjgn.o
 .rodata        0x0010e5e0      0x204 /tmp/ccVogMTz.o
 .rodata        0x0010e7e4       0x3c /home/tang/riscv/lib/gcc/riscv64-unknown-elf/12.2.0/rv32im/ilp32/libgcc.a(divdf3.o)
 .rodata        0x0010e820       0x3c /home/tang/riscv/lib/gcc/riscv64-unknown-elf/12.2.0/rv32im/ilp32/libgcc.a(divsf3.o)
 .rodata        0x0010e85c      0x100 /home/tang/riscv/lib/gcc/riscv64-unknown-elf/12.2.0/rv32im/ilp32/libgcc.a(_clz.o)
                0x0010e85c                __clz_tab
 *(.rodata.*)
 .rodata.str1.4
                0x0010e95c      0x3d6 /tmp/ccRNyY5W.o
                                0x3de (size before relaxing)
 *fill*         0x0010ed32        0x2 
 .rodata.str1.4
                0x0010ed34       0xad /tmp/ccpUtExy.o
 *fill*         0x0010ede1        0x3 
 .rodata.str1.4
                0x0010ede4      0x100 /tmp/ccIXVZji.o
                                0x104 (size before relaxing)
 .rodata.str1.4
                0x0010eee4       0x57 /tmp/ccVogMTz.o
 *fill*         0x0010ef3b        0x1 
 .rodata.str1.4
                0x0010ef3c       0x44 /tmp/ccDhsA6U.o

.rela.dyn       0x0010ef80        0x0
 .rela.text     0x0010ef80        0x0 /tmp/ccWS2tgQ.o

.data           0x0010ef80       0x44
                0x0010ef80                        . = ALIGN (0x4)
 *(.sdata)
 .sdata         0x0010ef80        0xc /tmp/ccIXVZji.o
                0x0010ef80                default_num_contexts
                0x0010ef84                seed4_volatile
                0x0010ef88                seed3_volatile
 *(.sdata.*)
 *(.data)
 .data          0x0010ef8c        0x0 /tmp/ccWS2tgQ.o
 .data          0x0010ef8c        0xc /tmp/ccRNyY5W.o
                0x0010ef8c                mem_name
 .data          0x0010ef98        0x0 /tmp/ccSi7aGM.o
 .data          0x0010ef98        0x0 /tmp/ccpUtExy.o
 .data          0x0010ef98        0x0 /tmp/ccZuHjgn.o
 .data          0x0010ef98       0x2c /tmp/ccIXVZji.o
                0x0010ef98                pcount_names
 .data          0x0010efc4        0x0 /tmp/ccVogMTz.o
 .data          0x0010efc4        0x0 /tmp/cc2Cc2Rs.o
 .data          0x0010efc4        0x0 /tmp/ccmsUVVV.o
 .data          0x0010efc4        0x0 /tmp/ccDhsA6U.o
 .data          0x0010efc4        0x0 /home/tang/riscv/lib/gcc/riscv64-unknown-elf/12.2.0/../../../../riscv64-unknown-elf/lib/rv32im/ilp32/libm.a(lib_a-s_modf.o)
 .data          0x0010efc4        0x0 /home/tang/riscv/lib/gcc/riscv64-unknown-elf/12.2.0/../../../../riscv64-unknown-elf/lib/rv32im/ilp32/libm.a(lib_a-s_fpclassify.o)
 .data          0x0010efc4        0x0 /home/tang/riscv/lib/gcc/riscv64-unknown-elf/12.2.0/rv32im/ilp32/libgcc.a(adddf3.o)
 .data          0x0010efc4        0x0 /home/tang/riscv/lib/gcc/riscv64-unknown-elf/12.2.0/rv32im/ilp32/libgcc.a(divdf3.o)
 .data          0x0010efc4        0x0 /home/tang/riscv/lib/gcc/riscv64-unknown-elf/12.2.0/rv32im/ilp32/libgcc.a(eqdf2.o)
 .data          0x0010efc4        0x0 /home/tang/riscv/lib/gcc/riscv64-unknown-elf/12.2.0/rv32im/ilp32/libgcc.a(gedf2.o)
 .data          0x0010efc4        0x0 /home/tang/riscv/lib/gcc/riscv64-unknown-elf/12.2.0/rv32im/ilp32/libgcc.a(ledf2.o)
 .data          0x0010efc4        0x0 /home/tang/riscv/lib/gcc/riscv64-unknown-elf/12.2.0/rv32im/ilp32/libgcc.a(muldf3.o)
 .data          0x0010efc4        0x0 /home/tang/riscv/lib/gcc/riscv64-unknown-elf/12.2.0/rv32im/ilp32/libgcc.a(subdf3.o)
 .data          0x0010efc4        0x0 /home/tang/riscv/lib/gcc/riscv64-unknown-elf/12.2.0/rv32im/ilp32/libgcc.a(fixdfsi.o)
 .data          0x0010efc4        0x0 /home/tang/riscv/lib/gcc/riscv64-unknown-elf/12.2.0/rv32im/ilp32/libgcc.a(fixunsdfsi.o)
 .data          0x0010efc4        0x0 /home/tang/riscv/lib/gcc/riscv64-unknown-elf/12.2.0/rv32im/ilp32/libgcc.a(floatunsidf.o)
 .data          0x0010efc4        0x0 /home/tang/riscv/lib/gcc/riscv64-unknown-elf/12.2.0/rv32im/ilp32/libgcc.a(divsf3.o)
 .data          0x0010efc4        0x0 /home/tang/riscv/lib/gcc/riscv64-unknown-elf/12.2.0/rv32im/ilp32/libgcc.a(floatunsisf.o)
 .data          0x0010efc4        0x0 /home/tang/riscv/lib/gcc/riscv64-unknown-elf/12.2.0/rv32im/ilp32/libgcc.a(extendsfdf2.o)
 .data          0x0010efc4        0x0 /home/tang/riscv/lib/gcc/riscv64-unknown-elf/12.2.0/rv32im/ilp32/libgcc.a(_clzsi2.o)
 .data          0x0010efc4        0x0 /home/tang/riscv/lib/gcc/riscv64-unknown-elf/12.2.0/rv32im/ilp32/libgcc.a(_clz.o)
 *(.data.*)

.bss            0x0010efc8       0x78
                0x0010efc8                        . = ALIGN (0x4)
                0x0010efc8                        _bss_start = .
 *(.sbss)
 .sbss          0x0010efc8       0x14 /tmp/ccIXVZji.o
                0x0010efd0                seed5_volatile
                0x0010efd4                seed2_volatile
                0x0010efd8                seed1_volatile
 *fill*         0x0010efdc        0x4 
 .sbss          0x0010efe0       0x10 /tmp/ccDhsA6U.o
                0x0010efe0                time_increment
                0x0010efe8                time_elapsed
 *(.sbss.*)
 *(.bss)
 .bss           0x0010eff0        0x0 /tmp/ccWS2tgQ.o
 .bss           0x0010eff0        0x0 /tmp/ccRNyY5W.o
 .bss           0x0010eff0        0x0 /tmp/ccSi7aGM.o
 .bss           0x0010eff0        0x0 /tmp/ccpUtExy.o
 .bss           0x0010eff0        0x0 /tmp/ccZuHjgn.o
 .bss           0x0010eff0        0x0 /tmp/ccIXVZji.o
 .bss           0x0010eff0        0x0 /tmp/ccVogMTz.o
 .bss           0x0010eff0       0x50 /tmp/cc2Cc2Rs.o
 .bss           0x0010f040        0x0 /tmp/ccmsUVVV.o
 .bss           0x0010f040        0x0 /tmp/ccDhsA6U.o
 .bss           0x0010f040        0x0 /home/tang/riscv/lib/gcc/riscv64-unknown-elf/12.2.0/../../../../riscv64-unknown-elf/lib/rv32im/ilp32/libm.a(lib_a-s_modf.o)
 .bss           0x0010f040        0x0 /home/tang/riscv/lib/gcc/riscv64-unknown-elf/12.2.0/../../../../riscv64-unknown-elf/lib/rv32im/ilp32/libm.a(lib_a-s_fpclassify.o)
 .bss           0x0010f040        0x0 /home/tang/riscv/lib/gcc/riscv64-unknown-elf/12.2.0/rv32im/ilp32/libgcc.a(adddf3.o)
 .bss           0x0010f040        0x0 /home/tang/riscv/lib/gcc/riscv64-unknown-elf/12.2.0/rv32im/ilp32/libgcc.a(divdf3.o)
 .bss           0x0010f040        0x0 /home/tang/riscv/lib/gcc/riscv64-unknown-elf/12.2.0/rv32im/ilp32/libgcc.a(eqdf2.o)
 .bss           0x0010f040        0x0 /home/tang/riscv/lib/gcc/riscv64-unknown-elf/12.2.0/rv32im/ilp32/libgcc.a(gedf2.o)
 .bss           0x0010f040        0x0 /home/tang/riscv/lib/gcc/riscv64-unknown-elf/12.2.0/rv32im/ilp32/libgcc.a(ledf2.o)
 .bss           0x0010f040        0x0 /home/tang/riscv/lib/gcc/riscv64-unknown-elf/12.2.0/rv32im/ilp32/libgcc.a(muldf3.o)
 .bss           0x0010f040        0x0 /home/tang/riscv/lib/gcc/riscv64-unknown-elf/12.2.0/rv32im/ilp32/libgcc.a(subdf3.o)
 .bss           0x0010f040        0x0 /home/tang/riscv/lib/gcc/riscv64-unknown-elf/12.2.0/rv32im/ilp32/libgcc.a(fixdfsi.o)
 .bss           0x0010f040        0x0 /home/tang/riscv/lib/gcc/riscv64-unknown-elf/12.2.0/rv32im/ilp32/libgcc.a(fixunsdfsi.o)
 .bss           0x0010f040        0x0 /home/tang/riscv/lib/gcc/riscv64-unknown-elf/12.2.0/rv32im/ilp32/libgcc.a(floatunsidf.o)
 .bss           0x0010f040        0x0 /home/tang/riscv/lib/gcc/riscv64-unknown-elf/12.2.0/rv32im/ilp32/libgcc.a(divsf3.o)
 .bss           0x0010f040        0x0 /home/tang/riscv/lib/gcc/riscv64-unknown-elf/12.2.0/rv32im/ilp32/libgcc.a(floatunsisf.o)
 .bss           0x0010f040        0x0 /home/tang/riscv/lib/gcc/riscv64-unknown-elf/12.2.0/rv32im/ilp32/libgcc.a(extendsfdf2.o)
 .bss           0x0010f040        0x0 /home/tang/riscv/lib/gcc/riscv64-unknown-elf/12.2.0/rv32im/ilp32/libgcc.a(_clzsi2.o)
 .bss           0x0010f040        0x0 /home/tang/riscv/lib/gcc/riscv64-unknown-elf/12.2.0/rv32im/ilp32/libgcc.a(_clz.o)
 *(.bss.*)
 *(COMMON)
                0x0010f040                        _bss_end = .

.stack          0x00130000     0x2000
                0x00130000                        . = ALIGN (0x4)
                0x00132000                        . = (. + _min_stack)
 *fill*         0x00130000     0x2000 
                0x00132000                        . = ALIGN (0x4)
                0x00132000                        stack = .
                0x00132000                        _stack = .
OUTPUT(/home/tang/Projects/jiangnanguqi/ibex/examples/sw/benchmarks/coremark/coremark.elf elf32-littleriscv)

.debug_info     0x00000000     0x7f7c
 .debug_info    0x00000000     0x10e8 /tmp/ccWS2tgQ.o
 .debug_info    0x000010e8      0xd5b /tmp/ccRNyY5W.o
 .debug_info    0x00001e43      0xaa7 /tmp/ccSi7aGM.o
 .debug_info    0x000028ea      0x54d /tmp/ccpUtExy.o
 .debug_info    0x00002e37      0x53a /tmp/ccZuHjgn.o
 .debug_info    0x00003371      0x661 /tmp/ccIXVZji.o
 .debug_info    0x000039d2      0xa59 /tmp/ccVogMTz.o
 .debug_info    0x0000442b      0x68d /tmp/cc2Cc2Rs.o
 .debug_info    0x00004ab8       0x23 /tmp/ccmsUVVV.o
 .debug_info    0x00004adb      0x761 /tmp/ccDhsA6U.o
 .debug_info    0x0000523c      0x4fe /home/tang/riscv/lib/gcc/riscv64-unknown-elf/12.2.0/rv32im/ilp32/libgcc.a(adddf3.o)
 .debug_info    0x0000573a      0x683 /home/tang/riscv/lib/gcc/riscv64-unknown-elf/12.2.0/rv32im/ilp32/libgcc.a(divdf3.o)
 .debug_info    0x00005dbd      0x222 /home/tang/riscv/lib/gcc/riscv64-unknown-elf/12.2.0/rv32im/ilp32/libgcc.a(eqdf2.o)
 .debug_info    0x00005fdf      0x224 /home/tang/riscv/lib/gcc/riscv64-unknown-elf/12.2.0/rv32im/ilp32/libgcc.a(gedf2.o)
 .debug_info    0x00006203      0x224 /home/tang/riscv/lib/gcc/riscv64-unknown-elf/12.2.0/rv32im/ilp32/libgcc.a(ledf2.o)
 .debug_info    0x00006427      0x6b4 /home/tang/riscv/lib/gcc/riscv64-unknown-elf/12.2.0/rv32im/ilp32/libgcc.a(muldf3.o)
 .debug_info    0x00006adb      0x4f5 /home/tang/riscv/lib/gcc/riscv64-unknown-elf/12.2.0/rv32im/ilp32/libgcc.a(subdf3.o)
 .debug_info    0x00006fd0      0x1ca /home/tang/riscv/lib/gcc/riscv64-unknown-elf/12.2.0/rv32im/ilp32/libgcc.a(fixdfsi.o)
 .debug_info    0x0000719a      0x1ad /home/tang/riscv/lib/gcc/riscv64-unknown-elf/12.2.0/rv32im/ilp32/libgcc.a(fixunsdfsi.o)
 .debug_info    0x00007347      0x25d /home/tang/riscv/lib/gcc/riscv64-unknown-elf/12.2.0/rv32im/ilp32/libgcc.a(floatunsidf.o)
 .debug_info    0x000075a4      0x360 /home/tang/riscv/lib/gcc/riscv64-unknown-elf/12.2.0/rv32im/ilp32/libgcc.a(divsf3.o)
 .debug_info    0x00007904      0x20a /home/tang/riscv/lib/gcc/riscv64-unknown-elf/12.2.0/rv32im/ilp32/libgcc.a(floatunsisf.o)
 .debug_info    0x00007b0e      0x254 /home/tang/riscv/lib/gcc/riscv64-unknown-elf/12.2.0/rv32im/ilp32/libgcc.a(extendsfdf2.o)
 .debug_info    0x00007d62      0x142 /home/tang/riscv/lib/gcc/riscv64-unknown-elf/12.2.0/rv32im/ilp32/libgcc.a(_clzsi2.o)
 .debug_info    0x00007ea4       0xd8 /home/tang/riscv/lib/gcc/riscv64-unknown-elf/12.2.0/rv32im/ilp32/libgcc.a(_clz.o)

.debug_abbrev   0x00000000     0x286e
 .debug_abbrev  0x00000000      0x2dd /tmp/ccWS2tgQ.o
 .debug_abbrev  0x000002dd      0x23d /tmp/ccRNyY5W.o
 .debug_abbrev  0x0000051a      0x235 /tmp/ccSi7aGM.o
 .debug_abbrev  0x0000074f      0x226 /tmp/ccpUtExy.o
 .debug_abbrev  0x00000975      0x1c8 /tmp/ccZuHjgn.o
 .debug_abbrev  0x00000b3d      0x2e4 /tmp/ccIXVZji.o
 .debug_abbrev  0x00000e21      0x30b /tmp/ccVogMTz.o
 .debug_abbrev  0x0000112c      0x12e /tmp/cc2Cc2Rs.o
 .debug_abbrev  0x0000125a       0x12 /tmp/ccmsUVVV.o
 .debug_abbrev  0x0000126c      0x268 /tmp/ccDhsA6U.o
 .debug_abbrev  0x000014d4      0x17f /home/tang/riscv/lib/gcc/riscv64-unknown-elf/12.2.0/rv32im/ilp32/libgcc.a(adddf3.o)
 .debug_abbrev  0x00001653      0x17c /home/tang/riscv/lib/gcc/riscv64-unknown-elf/12.2.0/rv32im/ilp32/libgcc.a(divdf3.o)
 .debug_abbrev  0x000017cf      0x175 /home/tang/riscv/lib/gcc/riscv64-unknown-elf/12.2.0/rv32im/ilp32/libgcc.a(eqdf2.o)
 .debug_abbrev  0x00001944      0x153 /home/tang/riscv/lib/gcc/riscv64-unknown-elf/12.2.0/rv32im/ilp32/libgcc.a(gedf2.o)
 .debug_abbrev  0x00001a97      0x153 /home/tang/riscv/lib/gcc/riscv64-unknown-elf/12.2.0/rv32im/ilp32/libgcc.a(ledf2.o)
 .debug_abbrev  0x00001bea      0x185 /home/tang/riscv/lib/gcc/riscv64-unknown-elf/12.2.0/rv32im/ilp32/libgcc.a(muldf3.o)
 .debug_abbrev  0x00001d6f      0x176 /home/tang/riscv/lib/gcc/riscv64-unknown-elf/12.2.0/rv32im/ilp32/libgcc.a(subdf3.o)
 .debug_abbrev  0x00001ee5      0x15d /home/tang/riscv/lib/gcc/riscv64-unknown-elf/12.2.0/rv32im/ilp32/libgcc.a(fixdfsi.o)
 .debug_abbrev  0x00002042      0x162 /home/tang/riscv/lib/gcc/riscv64-unknown-elf/12.2.0/rv32im/ilp32/libgcc.a(fixunsdfsi.o)
 .debug_abbrev  0x000021a4      0x163 /home/tang/riscv/lib/gcc/riscv64-unknown-elf/12.2.0/rv32im/ilp32/libgcc.a(floatunsidf.o)
 .debug_abbrev  0x00002307      0x14c /home/tang/riscv/lib/gcc/riscv64-unknown-elf/12.2.0/rv32im/ilp32/libgcc.a(divsf3.o)
 .debug_abbrev  0x00002453      0x186 /home/tang/riscv/lib/gcc/riscv64-unknown-elf/12.2.0/rv32im/ilp32/libgcc.a(floatunsisf.o)
 .debug_abbrev  0x000025d9      0x15b /home/tang/riscv/lib/gcc/riscv64-unknown-elf/12.2.0/rv32im/ilp32/libgcc.a(extendsfdf2.o)
 .debug_abbrev  0x00002734       0xca /home/tang/riscv/lib/gcc/riscv64-unknown-elf/12.2.0/rv32im/ilp32/libgcc.a(_clzsi2.o)
 .debug_abbrev  0x000027fe       0x70 /home/tang/riscv/lib/gcc/riscv64-unknown-elf/12.2.0/rv32im/ilp32/libgcc.a(_clz.o)

.debug_loclists
                0x00000000    0x1095b
 .debug_loclists
                0x00000000     0x2648 /tmp/ccWS2tgQ.o
 .debug_loclists
                0x00002648      0x6fb /tmp/ccRNyY5W.o
 .debug_loclists
                0x00002d43     0x1a54 /tmp/ccSi7aGM.o
 .debug_loclists
                0x00004797      0x896 /tmp/ccpUtExy.o
 .debug_loclists
                0x0000502d     0x1395 /tmp/ccZuHjgn.o
 .debug_loclists
                0x000063c2      0x1d8 /tmp/ccIXVZji.o
 .debug_loclists
                0x0000659a     0x3970 /tmp/ccVogMTz.o
 .debug_loclists
                0x00009f0a      0x9ec /tmp/cc2Cc2Rs.o
 .debug_loclists
                0x0000a8f6      0xe65 /tmp/ccDhsA6U.o
 .debug_loclists
                0x0000b75b     0x10f5 /home/tang/riscv/lib/gcc/riscv64-unknown-elf/12.2.0/rv32im/ilp32/libgcc.a(adddf3.o)
 .debug_loclists
                0x0000c850      0xf0a /home/tang/riscv/lib/gcc/riscv64-unknown-elf/12.2.0/rv32im/ilp32/libgcc.a(divdf3.o)
 .debug_loclists
                0x0000d75a       0x87 /home/tang/riscv/lib/gcc/riscv64-unknown-elf/12.2.0/rv32im/ilp32/libgcc.a(eqdf2.o)
 .debug_loclists
                0x0000d7e1      0x2f9 /home/tang/riscv/lib/gcc/riscv64-unknown-elf/12.2.0/rv32im/ilp32/libgcc.a(gedf2.o)
 .debug_loclists
                0x0000dada      0x2f9 /home/tang/riscv/lib/gcc/riscv64-unknown-elf/12.2.0/rv32im/ilp32/libgcc.a(ledf2.o)
 .debug_loclists
                0x0000ddd3      0xc0f /home/tang/riscv/lib/gcc/riscv64-unknown-elf/12.2.0/rv32im/ilp32/libgcc.a(muldf3.o)
 .debug_loclists
                0x0000e9e2     0x1248 /home/tang/riscv/lib/gcc/riscv64-unknown-elf/12.2.0/rv32im/ilp32/libgcc.a(subdf3.o)
 .debug_loclists
                0x0000fc2a      0x167 /home/tang/riscv/lib/gcc/riscv64-unknown-elf/12.2.0/rv32im/ilp32/libgcc.a(fixdfsi.o)
 .debug_loclists
                0x0000fd91       0xdc /home/tang/riscv/lib/gcc/riscv64-unknown-elf/12.2.0/rv32im/ilp32/libgcc.a(fixunsdfsi.o)
 .debug_loclists
                0x0000fe6d      0x137 /home/tang/riscv/lib/gcc/riscv64-unknown-elf/12.2.0/rv32im/ilp32/libgcc.a(floatunsidf.o)
 .debug_loclists
                0x0000ffa4      0x5e0 /home/tang/riscv/lib/gcc/riscv64-unknown-elf/12.2.0/rv32im/ilp32/libgcc.a(divsf3.o)
 .debug_loclists
                0x00010584      0x1a6 /home/tang/riscv/lib/gcc/riscv64-unknown-elf/12.2.0/rv32im/ilp32/libgcc.a(floatunsisf.o)
 .debug_loclists
                0x0001072a      0x1cf /home/tang/riscv/lib/gcc/riscv64-unknown-elf/12.2.0/rv32im/ilp32/libgcc.a(extendsfdf2.o)
 .debug_loclists
                0x000108f9       0x62 /home/tang/riscv/lib/gcc/riscv64-unknown-elf/12.2.0/rv32im/ilp32/libgcc.a(_clzsi2.o)

.debug_aranges  0x00000000      0x328
 .debug_aranges
                0x00000000       0x20 /tmp/ccWS2tgQ.o
 .debug_aranges
                0x00000020       0x28 /tmp/ccRNyY5W.o
 .debug_aranges
                0x00000048       0x20 /tmp/ccSi7aGM.o
 .debug_aranges
                0x00000068       0x20 /tmp/ccpUtExy.o
 .debug_aranges
                0x00000088       0x20 /tmp/ccZuHjgn.o
 .debug_aranges
                0x000000a8       0x20 /tmp/ccIXVZji.o
 .debug_aranges
                0x000000c8       0x20 /tmp/ccVogMTz.o
 .debug_aranges
                0x000000e8       0x20 /tmp/cc2Cc2Rs.o
 .debug_aranges
                0x00000108       0x28 /tmp/ccmsUVVV.o
 .debug_aranges
                0x00000130       0x20 /tmp/ccDhsA6U.o
 .debug_aranges
                0x00000150       0x20 /home/tang/riscv/lib/gcc/riscv64-unknown-elf/12.2.0/rv32im/ilp32/libgcc.a(adddf3.o)
 .debug_aranges
                0x00000170       0x20 /home/tang/riscv/lib/gcc/riscv64-unknown-elf/12.2.0/rv32im/ilp32/libgcc.a(divdf3.o)
 .debug_aranges
                0x00000190       0x20 /home/tang/riscv/lib/gcc/riscv64-unknown-elf/12.2.0/rv32im/ilp32/libgcc.a(eqdf2.o)
 .debug_aranges
                0x000001b0       0x20 /home/tang/riscv/lib/gcc/riscv64-unknown-elf/12.2.0/rv32im/ilp32/libgcc.a(gedf2.o)
 .debug_aranges
                0x000001d0       0x20 /home/tang/riscv/lib/gcc/riscv64-unknown-elf/12.2.0/rv32im/ilp32/libgcc.a(ledf2.o)
 .debug_aranges
                0x000001f0       0x20 /home/tang/riscv/lib/gcc/riscv64-unknown-elf/12.2.0/rv32im/ilp32/libgcc.a(muldf3.o)
 .debug_aranges
                0x00000210       0x20 /home/tang/riscv/lib/gcc/riscv64-unknown-elf/12.2.0/rv32im/ilp32/libgcc.a(subdf3.o)
 .debug_aranges
                0x00000230       0x20 /home/tang/riscv/lib/gcc/riscv64-unknown-elf/12.2.0/rv32im/ilp32/libgcc.a(fixdfsi.o)
 .debug_aranges
                0x00000250       0x20 /home/tang/riscv/lib/gcc/riscv64-unknown-elf/12.2.0/rv32im/ilp32/libgcc.a(fixunsdfsi.o)
 .debug_aranges
                0x00000270       0x20 /home/tang/riscv/lib/gcc/riscv64-unknown-elf/12.2.0/rv32im/ilp32/libgcc.a(floatunsidf.o)
 .debug_aranges
                0x00000290       0x20 /home/tang/riscv/lib/gcc/riscv64-unknown-elf/12.2.0/rv32im/ilp32/libgcc.a(divsf3.o)
 .debug_aranges
                0x000002b0       0x20 /home/tang/riscv/lib/gcc/riscv64-unknown-elf/12.2.0/rv32im/ilp32/libgcc.a(floatunsisf.o)
 .debug_aranges
                0x000002d0       0x20 /home/tang/riscv/lib/gcc/riscv64-unknown-elf/12.2.0/rv32im/ilp32/libgcc.a(extendsfdf2.o)
 .debug_aranges
                0x000002f0       0x20 /home/tang/riscv/lib/gcc/riscv64-unknown-elf/12.2.0/rv32im/ilp32/libgcc.a(_clzsi2.o)
 .debug_aranges
                0x00000310       0x18 /home/tang/riscv/lib/gcc/riscv64-unknown-elf/12.2.0/rv32im/ilp32/libgcc.a(_clz.o)

.debug_rnglists
                0x00000000     0x211f
 .debug_rnglists
                0x00000000      0x31e /tmp/ccWS2tgQ.o
 .debug_rnglists
                0x0000031e       0xd6 /tmp/ccRNyY5W.o
 .debug_rnglists
                0x000003f4      0x2c4 /tmp/ccSi7aGM.o
 .debug_rnglists
                0x000006b8      0x1c3 /tmp/ccpUtExy.o
 .debug_rnglists
                0x0000087b      0x12d /tmp/ccZuHjgn.o
 .debug_rnglists
                0x000009a8       0x4e /tmp/ccIXVZji.o
 .debug_rnglists
                0x000009f6      0x24c /tmp/ccVogMTz.o
 .debug_rnglists
                0x00000c42       0x1b /tmp/ccmsUVVV.o
 .debug_rnglists
                0x00000c5d      0x950 /tmp/ccDhsA6U.o
 .debug_rnglists
                0x000015ad      0x20f /home/tang/riscv/lib/gcc/riscv64-unknown-elf/12.2.0/rv32im/ilp32/libgcc.a(adddf3.o)
 .debug_rnglists
                0x000017bc      0x177 /home/tang/riscv/lib/gcc/riscv64-unknown-elf/12.2.0/rv32im/ilp32/libgcc.a(divdf3.o)
 .debug_rnglists
                0x00001933       0x56 /home/tang/riscv/lib/gcc/riscv64-unknown-elf/12.2.0/rv32im/ilp32/libgcc.a(eqdf2.o)
 .debug_rnglists
                0x00001989       0x7b /home/tang/riscv/lib/gcc/riscv64-unknown-elf/12.2.0/rv32im/ilp32/libgcc.a(gedf2.o)
 .debug_rnglists
                0x00001a04       0x7b /home/tang/riscv/lib/gcc/riscv64-unknown-elf/12.2.0/rv32im/ilp32/libgcc.a(ledf2.o)
 .debug_rnglists
                0x00001a7f      0x1e6 /home/tang/riscv/lib/gcc/riscv64-unknown-elf/12.2.0/rv32im/ilp32/libgcc.a(muldf3.o)
 .debug_rnglists
                0x00001c65      0x275 /home/tang/riscv/lib/gcc/riscv64-unknown-elf/12.2.0/rv32im/ilp32/libgcc.a(subdf3.o)
 .debug_rnglists
                0x00001eda       0x1f /home/tang/riscv/lib/gcc/riscv64-unknown-elf/12.2.0/rv32im/ilp32/libgcc.a(fixdfsi.o)
 .debug_rnglists
                0x00001ef9       0x28 /home/tang/riscv/lib/gcc/riscv64-unknown-elf/12.2.0/rv32im/ilp32/libgcc.a(fixunsdfsi.o)
 .debug_rnglists
                0x00001f21       0x6a /home/tang/riscv/lib/gcc/riscv64-unknown-elf/12.2.0/rv32im/ilp32/libgcc.a(floatunsidf.o)
 .debug_rnglists
                0x00001f8b       0xd0 /home/tang/riscv/lib/gcc/riscv64-unknown-elf/12.2.0/rv32im/ilp32/libgcc.a(divsf3.o)
 .debug_rnglists
                0x0000205b       0x61 /home/tang/riscv/lib/gcc/riscv64-unknown-elf/12.2.0/rv32im/ilp32/libgcc.a(floatunsisf.o)
 .debug_rnglists
                0x000020bc       0x3b /home/tang/riscv/lib/gcc/riscv64-unknown-elf/12.2.0/rv32im/ilp32/libgcc.a(extendsfdf2.o)
 .debug_rnglists
                0x000020f7       0x28 /home/tang/riscv/lib/gcc/riscv64-unknown-elf/12.2.0/rv32im/ilp32/libgcc.a(_clzsi2.o)

.debug_line     0x00000000    0x20e4c
 .debug_line    0x00000000     0x33bd /tmp/ccWS2tgQ.o
 .debug_line    0x000033bd     0x1900 /tmp/ccRNyY5W.o
 .debug_line    0x00004cbd     0x6393 /tmp/ccSi7aGM.o
 .debug_line    0x0000b050     0x1ed5 /tmp/ccpUtExy.o
 .debug_line    0x0000cf25     0x2475 /tmp/ccZuHjgn.o
 .debug_line    0x0000f39a      0x423 /tmp/ccIXVZji.o
 .debug_line    0x0000f7bd     0x76fc /tmp/ccVogMTz.o
 .debug_line    0x00016eb9     0x161a /tmp/cc2Cc2Rs.o
 .debug_line    0x000184d3      0x187 /tmp/ccmsUVVV.o
 .debug_line    0x0001865a     0x2aa6 /tmp/ccDhsA6U.o
 .debug_line    0x0001b100     0x1037 /home/tang/riscv/lib/gcc/riscv64-unknown-elf/12.2.0/rv32im/ilp32/libgcc.a(adddf3.o)
 .debug_line    0x0001c137      0xf87 /home/tang/riscv/lib/gcc/riscv64-unknown-elf/12.2.0/rv32im/ilp32/libgcc.a(divdf3.o)
 .debug_line    0x0001d0be      0x215 /home/tang/riscv/lib/gcc/riscv64-unknown-elf/12.2.0/rv32im/ilp32/libgcc.a(eqdf2.o)
 .debug_line    0x0001d2d3      0x345 /home/tang/riscv/lib/gcc/riscv64-unknown-elf/12.2.0/rv32im/ilp32/libgcc.a(gedf2.o)
 .debug_line    0x0001d618      0x345 /home/tang/riscv/lib/gcc/riscv64-unknown-elf/12.2.0/rv32im/ilp32/libgcc.a(ledf2.o)
 .debug_line    0x0001d95d      0xe0b /home/tang/riscv/lib/gcc/riscv64-unknown-elf/12.2.0/rv32im/ilp32/libgcc.a(muldf3.o)
 .debug_line    0x0001e768     0x118b /home/tang/riscv/lib/gcc/riscv64-unknown-elf/12.2.0/rv32im/ilp32/libgcc.a(subdf3.o)
 .debug_line    0x0001f8f3      0x1db /home/tang/riscv/lib/gcc/riscv64-unknown-elf/12.2.0/rv32im/ilp32/libgcc.a(fixdfsi.o)
 .debug_line    0x0001face      0x177 /home/tang/riscv/lib/gcc/riscv64-unknown-elf/12.2.0/rv32im/ilp32/libgcc.a(fixunsdfsi.o)
 .debug_line    0x0001fc45      0x241 /home/tang/riscv/lib/gcc/riscv64-unknown-elf/12.2.0/rv32im/ilp32/libgcc.a(floatunsidf.o)
 .debug_line    0x0001fe86      0x818 /home/tang/riscv/lib/gcc/riscv64-unknown-elf/12.2.0/rv32im/ilp32/libgcc.a(divsf3.o)
 .debug_line    0x0002069e      0x32b /home/tang/riscv/lib/gcc/riscv64-unknown-elf/12.2.0/rv32im/ilp32/libgcc.a(floatunsisf.o)
 .debug_line    0x000209c9      0x379 /home/tang/riscv/lib/gcc/riscv64-unknown-elf/12.2.0/rv32im/ilp32/libgcc.a(extendsfdf2.o)
 .debug_line    0x00020d42       0xcb /home/tang/riscv/lib/gcc/riscv64-unknown-elf/12.2.0/rv32im/ilp32/libgcc.a(_clzsi2.o)
 .debug_line    0x00020e0d       0x3f /home/tang/riscv/lib/gcc/riscv64-unknown-elf/12.2.0/rv32im/ilp32/libgcc.a(_clz.o)

.debug_str      0x00000000     0x1244
 .debug_str     0x00000000      0x409 /tmp/ccWS2tgQ.o
                                0x47c (size before relaxing)
 .debug_str     0x00000409      0x19c /tmp/ccRNyY5W.o
                                0x44d (size before relaxing)
 .debug_str     0x000005a5       0x9d /tmp/ccSi7aGM.o
                                0x280 (size before relaxing)
 .debug_str     0x00000642      0x10a /tmp/ccpUtExy.o
                                0x2ea (size before relaxing)
 .debug_str     0x0000074c       0x5e /tmp/ccZuHjgn.o
                                0x232 (size before relaxing)
 .debug_str     0x000007aa       0xda /tmp/ccIXVZji.o
                                0x396 (size before relaxing)
 .debug_str     0x00000884      0x10f /tmp/ccVogMTz.o
                                0x2c3 (size before relaxing)
 .debug_str     0x00000993       0x48 /tmp/cc2Cc2Rs.o
                                0x1ed (size before relaxing)
 .debug_str     0x000009db       0x78 /tmp/ccmsUVVV.o
 .debug_str     0x00000a53      0x11b /tmp/ccDhsA6U.o
                                0x298 (size before relaxing)
 .debug_str     0x00000b6e      0x213 /home/tang/riscv/lib/gcc/riscv64-unknown-elf/12.2.0/rv32im/ilp32/libgcc.a(adddf3.o)
                                0x2a2 (size before relaxing)
 .debug_str     0x00000d81      0x1a8 /home/tang/riscv/lib/gcc/riscv64-unknown-elf/12.2.0/rv32im/ilp32/libgcc.a(divdf3.o)
                                0x364 (size before relaxing)
 .debug_str     0x00000f29       0x27 /home/tang/riscv/lib/gcc/riscv64-unknown-elf/12.2.0/rv32im/ilp32/libgcc.a(eqdf2.o)
                                0x1b4 (size before relaxing)
 .debug_str     0x00000f50       0x2c /home/tang/riscv/lib/gcc/riscv64-unknown-elf/12.2.0/rv32im/ilp32/libgcc.a(gedf2.o)
                                0x1d8 (size before relaxing)
 .debug_str     0x00000f7c        0x8 /home/tang/riscv/lib/gcc/riscv64-unknown-elf/12.2.0/rv32im/ilp32/libgcc.a(ledf2.o)
                                0x1d8 (size before relaxing)
 .debug_str     0x00000f84      0x125 /home/tang/riscv/lib/gcc/riscv64-unknown-elf/12.2.0/rv32im/ilp32/libgcc.a(muldf3.o)
                                0x3bc (size before relaxing)
 .debug_str     0x000010a9        0x9 /home/tang/riscv/lib/gcc/riscv64-unknown-elf/12.2.0/rv32im/ilp32/libgcc.a(subdf3.o)
                                0x2a2 (size before relaxing)
 .debug_str     0x000010b2       0x1b /home/tang/riscv/lib/gcc/riscv64-unknown-elf/12.2.0/rv32im/ilp32/libgcc.a(fixdfsi.o)
                                0x1af (size before relaxing)
 .debug_str     0x000010cd      0x1ab /home/tang/riscv/lib/gcc/riscv64-unknown-elf/12.2.0/rv32im/ilp32/libgcc.a(fixunsdfsi.o)
 .debug_str     0x000010cd       0x2d /home/tang/riscv/lib/gcc/riscv64-unknown-elf/12.2.0/rv32im/ilp32/libgcc.a(floatunsidf.o)
                                0x247 (size before relaxing)
 .debug_str     0x000010fa       0xe0 /home/tang/riscv/lib/gcc/riscv64-unknown-elf/12.2.0/rv32im/ilp32/libgcc.a(divsf3.o)
                                0x2cf (size before relaxing)
 .debug_str     0x000011da       0x15 /home/tang/riscv/lib/gcc/riscv64-unknown-elf/12.2.0/rv32im/ilp32/libgcc.a(floatunsisf.o)
                                0x228 (size before relaxing)
 .debug_str     0x000011ef        0xd /home/tang/riscv/lib/gcc/riscv64-unknown-elf/12.2.0/rv32im/ilp32/libgcc.a(extendsfdf2.o)
                                0x1d8 (size before relaxing)
 .debug_str     0x000011fc       0x48 /home/tang/riscv/lib/gcc/riscv64-unknown-elf/12.2.0/rv32im/ilp32/libgcc.a(_clzsi2.o)
                                0x1b2 (size before relaxing)
 .debug_str     0x00001244      0x195 /home/tang/riscv/lib/gcc/riscv64-unknown-elf/12.2.0/rv32im/ilp32/libgcc.a(_clz.o)

.debug_line_str
                0x00000000      0x802
 .debug_line_str
                0x00000000       0xb1 /tmp/ccWS2tgQ.o
                                0x10f (size before relaxing)
 .debug_line_str
                0x000000b1        0xc /tmp/ccRNyY5W.o
                                0x100 (size before relaxing)
 .debug_line_str
                0x000000bd        0xe /tmp/ccSi7aGM.o
                                0x106 (size before relaxing)
 .debug_line_str
                0x000000cb        0xd /tmp/ccpUtExy.o
                                0x103 (size before relaxing)
 .debug_line_str
                0x000000d8        0xc /tmp/ccZuHjgn.o
                                 0xf5 (size before relaxing)
 .debug_line_str
                0x000000e4      0x11a /tmp/ccIXVZji.o
                                0x212 (size before relaxing)
 .debug_line_str
                0x000001fe       0xa5 /tmp/ccVogMTz.o
                                0x1cc (size before relaxing)
 .debug_line_str
                0x000002a3       0x52 /tmp/cc2Cc2Rs.o
                                 0xd6 (size before relaxing)
 .debug_line_str
                0x000002f5        0x7 /tmp/ccmsUVVV.o
                                 0x6a (size before relaxing)
 .debug_line_str
                0x000002fc       0x4b /tmp/ccDhsA6U.o
                                0x154 (size before relaxing)
 .debug_line_str
                0x00000347       0xed /home/tang/riscv/lib/gcc/riscv64-unknown-elf/12.2.0/rv32im/ilp32/libgcc.a(adddf3.o)
                                0x166 (size before relaxing)
 .debug_line_str
                0x00000434       0x4d /home/tang/riscv/lib/gcc/riscv64-unknown-elf/12.2.0/rv32im/ilp32/libgcc.a(divdf3.o)
                                0x170 (size before relaxing)
 .debug_line_str
                0x00000481       0x50 /home/tang/riscv/lib/gcc/riscv64-unknown-elf/12.2.0/rv32im/ilp32/libgcc.a(eqdf2.o)
                                0x173 (size before relaxing)
 .debug_line_str
                0x000004d1       0x42 /home/tang/riscv/lib/gcc/riscv64-unknown-elf/12.2.0/rv32im/ilp32/libgcc.a(gedf2.o)
                                0x173 (size before relaxing)
 .debug_line_str
                0x00000513       0x42 /home/tang/riscv/lib/gcc/riscv64-unknown-elf/12.2.0/rv32im/ilp32/libgcc.a(ledf2.o)
                                0x173 (size before relaxing)
 .debug_line_str
                0x00000555       0x43 /home/tang/riscv/lib/gcc/riscv64-unknown-elf/12.2.0/rv32im/ilp32/libgcc.a(muldf3.o)
                                0x170 (size before relaxing)
 .debug_line_str
                0x00000598       0x43 /home/tang/riscv/lib/gcc/riscv64-unknown-elf/12.2.0/rv32im/ilp32/libgcc.a(subdf3.o)
                                0x166 (size before relaxing)
 .debug_line_str
                0x000005db       0x44 /home/tang/riscv/lib/gcc/riscv64-unknown-elf/12.2.0/rv32im/ilp32/libgcc.a(fixdfsi.o)
                                0x173 (size before relaxing)
 .debug_line_str
                0x0000061f       0x47 /home/tang/riscv/lib/gcc/riscv64-unknown-elf/12.2.0/rv32im/ilp32/libgcc.a(fixunsdfsi.o)
                                0x17c (size before relaxing)
 .debug_line_str
                0x00000666       0x48 /home/tang/riscv/lib/gcc/riscv64-unknown-elf/12.2.0/rv32im/ilp32/libgcc.a(floatunsidf.o)
                                0x17f (size before relaxing)
 .debug_line_str
                0x000006ae       0x4c /home/tang/riscv/lib/gcc/riscv64-unknown-elf/12.2.0/rv32im/ilp32/libgcc.a(divsf3.o)
                                0x166 (size before relaxing)
 .debug_line_str
                0x000006fa       0x48 /home/tang/riscv/lib/gcc/riscv64-unknown-elf/12.2.0/rv32im/ilp32/libgcc.a(floatunsisf.o)
                                0x17f (size before relaxing)
 .debug_line_str
                0x00000742       0x48 /home/tang/riscv/lib/gcc/riscv64-unknown-elf/12.2.0/rv32im/ilp32/libgcc.a(extendsfdf2.o)
                                0x17e (size before relaxing)
 .debug_line_str
                0x0000078a       0x78 /home/tang/riscv/lib/gcc/riscv64-unknown-elf/12.2.0/rv32im/ilp32/libgcc.a(_clzsi2.o)
                                0x15a (size before relaxing)
 .debug_line_str
                0x00000802      0x15a /home/tang/riscv/lib/gcc/riscv64-unknown-elf/12.2.0/rv32im/ilp32/libgcc.a(_clz.o)

.comment        0x00000000       0x21
 .comment       0x00000000        0xf /tmp/ccWS2tgQ.o
                                 0x10 (size before relaxing)
 .comment       0x0000000f       0x10 /tmp/ccRNyY5W.o
 .comment       0x0000000f       0x10 /tmp/ccSi7aGM.o
 .comment       0x0000000f       0x10 /tmp/ccpUtExy.o
 .comment       0x0000000f       0x10 /tmp/ccZuHjgn.o
 .comment       0x0000000f       0x10 /tmp/ccIXVZji.o
 .comment       0x0000000f       0x10 /tmp/ccVogMTz.o
 .comment       0x0000000f       0x10 /tmp/cc2Cc2Rs.o
 .comment       0x0000000f       0x10 /tmp/ccDhsA6U.o
 .comment       0x0000000f       0x12 /home/tang/riscv/lib/gcc/riscv64-unknown-elf/12.2.0/../../../../riscv64-unknown-elf/lib/rv32im/ilp32/libm.a(lib_a-s_modf.o)
                                 0x13 (size before relaxing)
 .comment       0x00000021       0x13 /home/tang/riscv/lib/gcc/riscv64-unknown-elf/12.2.0/../../../../riscv64-unknown-elf/lib/rv32im/ilp32/libm.a(lib_a-s_fpclassify.o)
 .comment       0x00000021       0x10 /home/tang/riscv/lib/gcc/riscv64-unknown-elf/12.2.0/rv32im/ilp32/libgcc.a(adddf3.o)
 .comment       0x00000021       0x10 /home/tang/riscv/lib/gcc/riscv64-unknown-elf/12.2.0/rv32im/ilp32/libgcc.a(divdf3.o)
 .comment       0x00000021       0x10 /home/tang/riscv/lib/gcc/riscv64-unknown-elf/12.2.0/rv32im/ilp32/libgcc.a(eqdf2.o)
 .comment       0x00000021       0x10 /home/tang/riscv/lib/gcc/riscv64-unknown-elf/12.2.0/rv32im/ilp32/libgcc.a(gedf2.o)
 .comment       0x00000021       0x10 /home/tang/riscv/lib/gcc/riscv64-unknown-elf/12.2.0/rv32im/ilp32/libgcc.a(ledf2.o)
 .comment       0x00000021       0x10 /home/tang/riscv/lib/gcc/riscv64-unknown-elf/12.2.0/rv32im/ilp32/libgcc.a(muldf3.o)
 .comment       0x00000021       0x10 /home/tang/riscv/lib/gcc/riscv64-unknown-elf/12.2.0/rv32im/ilp32/libgcc.a(subdf3.o)
 .comment       0x00000021       0x10 /home/tang/riscv/lib/gcc/riscv64-unknown-elf/12.2.0/rv32im/ilp32/libgcc.a(fixdfsi.o)
 .comment       0x00000021       0x10 /home/tang/riscv/lib/gcc/riscv64-unknown-elf/12.2.0/rv32im/ilp32/libgcc.a(fixunsdfsi.o)
 .comment       0x00000021       0x10 /home/tang/riscv/lib/gcc/riscv64-unknown-elf/12.2.0/rv32im/ilp32/libgcc.a(floatunsidf.o)
 .comment       0x00000021       0x10 /home/tang/riscv/lib/gcc/riscv64-unknown-elf/12.2.0/rv32im/ilp32/libgcc.a(divsf3.o)
 .comment       0x00000021       0x10 /home/tang/riscv/lib/gcc/riscv64-unknown-elf/12.2.0/rv32im/ilp32/libgcc.a(floatunsisf.o)
 .comment       0x00000021       0x10 /home/tang/riscv/lib/gcc/riscv64-unknown-elf/12.2.0/rv32im/ilp32/libgcc.a(extendsfdf2.o)
 .comment       0x00000021       0x10 /home/tang/riscv/lib/gcc/riscv64-unknown-elf/12.2.0/rv32im/ilp32/libgcc.a(_clzsi2.o)
 .comment       0x00000021       0x10 /home/tang/riscv/lib/gcc/riscv64-unknown-elf/12.2.0/rv32im/ilp32/libgcc.a(_clz.o)

.riscv.attributes
                0x00000000       0x2e
 .riscv.attributes
                0x00000000       0x2a /tmp/ccWS2tgQ.o
 .riscv.attributes
                0x0000002a       0x2a /tmp/ccRNyY5W.o
 .riscv.attributes
                0x00000054       0x2a /tmp/ccSi7aGM.o
 .riscv.attributes
                0x0000007e       0x2a /tmp/ccpUtExy.o
 .riscv.attributes
                0x000000a8       0x2a /tmp/ccZuHjgn.o
 .riscv.attributes
                0x000000d2       0x2e /tmp/ccIXVZji.o
 .riscv.attributes
                0x00000100       0x2a /tmp/ccVogMTz.o
 .riscv.attributes
                0x0000012a       0x2a /tmp/cc2Cc2Rs.o
 .riscv.attributes
                0x00000154       0x2c /tmp/ccmsUVVV.o
 .riscv.attributes
                0x00000180       0x2e /tmp/ccDhsA6U.o
 .riscv.attributes
                0x000001ae       0x2a /home/tang/riscv/lib/gcc/riscv64-unknown-elf/12.2.0/../../../../riscv64-unknown-elf/lib/rv32im/ilp32/libm.a(lib_a-s_modf.o)
 .riscv.attributes
                0x000001d8       0x2a /home/tang/riscv/lib/gcc/riscv64-unknown-elf/12.2.0/../../../../riscv64-unknown-elf/lib/rv32im/ilp32/libm.a(lib_a-s_fpclassify.o)
 .riscv.attributes
                0x00000202       0x2a /home/tang/riscv/lib/gcc/riscv64-unknown-elf/12.2.0/rv32im/ilp32/libgcc.a(adddf3.o)
 .riscv.attributes
                0x0000022c       0x2a /home/tang/riscv/lib/gcc/riscv64-unknown-elf/12.2.0/rv32im/ilp32/libgcc.a(divdf3.o)
 .riscv.attributes
                0x00000256       0x2a /home/tang/riscv/lib/gcc/riscv64-unknown-elf/12.2.0/rv32im/ilp32/libgcc.a(eqdf2.o)
 .riscv.attributes
                0x00000280       0x2a /home/tang/riscv/lib/gcc/riscv64-unknown-elf/12.2.0/rv32im/ilp32/libgcc.a(gedf2.o)
 .riscv.attributes
                0x000002aa       0x2a /home/tang/riscv/lib/gcc/riscv64-unknown-elf/12.2.0/rv32im/ilp32/libgcc.a(ledf2.o)
 .riscv.attributes
                0x000002d4       0x2a /home/tang/riscv/lib/gcc/riscv64-unknown-elf/12.2.0/rv32im/ilp32/libgcc.a(muldf3.o)
 .riscv.attributes
                0x000002fe       0x2a /home/tang/riscv/lib/gcc/riscv64-unknown-elf/12.2.0/rv32im/ilp32/libgcc.a(subdf3.o)
 .riscv.attributes
                0x00000328       0x2a /home/tang/riscv/lib/gcc/riscv64-unknown-elf/12.2.0/rv32im/ilp32/libgcc.a(fixdfsi.o)
 .riscv.attributes
                0x00000352       0x2a /home/tang/riscv/lib/gcc/riscv64-unknown-elf/12.2.0/rv32im/ilp32/libgcc.a(fixunsdfsi.o)
 .riscv.attributes
                0x0000037c       0x2a /home/tang/riscv/lib/gcc/riscv64-unknown-elf/12.2.0/rv32im/ilp32/libgcc.a(floatunsidf.o)
 .riscv.attributes
                0x000003a6       0x2a /home/tang/riscv/lib/gcc/riscv64-unknown-elf/12.2.0/rv32im/ilp32/libgcc.a(divsf3.o)
 .riscv.attributes
                0x000003d0       0x2a /home/tang/riscv/lib/gcc/riscv64-unknown-elf/12.2.0/rv32im/ilp32/libgcc.a(floatunsisf.o)
 .riscv.attributes
                0x000003fa       0x2a /home/tang/riscv/lib/gcc/riscv64-unknown-elf/12.2.0/rv32im/ilp32/libgcc.a(extendsfdf2.o)
 .riscv.attributes
                0x00000424       0x2a /home/tang/riscv/lib/gcc/riscv64-unknown-elf/12.2.0/rv32im/ilp32/libgcc.a(_clzsi2.o)
 .riscv.attributes
                0x0000044e       0x2a /home/tang/riscv/lib/gcc/riscv64-unknown-elf/12.2.0/rv32im/ilp32/libgcc.a(_clz.o)

.debug_frame    0x00000000      0xb58
 .debug_frame   0x00000000      0x1a0 /tmp/ccWS2tgQ.o
 .debug_frame   0x000001a0       0x98 /tmp/ccRNyY5W.o
 .debug_frame   0x00000238      0x1f0 /tmp/ccSi7aGM.o
 .debug_frame   0x00000428       0x74 /tmp/ccpUtExy.o
 .debug_frame   0x0000049c       0x70 /tmp/ccZuHjgn.o
 .debug_frame   0x0000050c      0x114 /tmp/ccIXVZji.o
 .debug_frame   0x00000620       0x90 /tmp/ccVogMTz.o
 .debug_frame   0x000006b0       0xa0 /tmp/cc2Cc2Rs.o
 .debug_frame   0x00000750      0x12c /tmp/ccDhsA6U.o
 .debug_frame   0x0000087c       0x44 /home/tang/riscv/lib/gcc/riscv64-unknown-elf/12.2.0/rv32im/ilp32/libgcc.a(adddf3.o)
 .debug_frame   0x000008c0       0x54 /home/tang/riscv/lib/gcc/riscv64-unknown-elf/12.2.0/rv32im/ilp32/libgcc.a(divdf3.o)
 .debug_frame   0x00000914       0x20 /home/tang/riscv/lib/gcc/riscv64-unknown-elf/12.2.0/rv32im/ilp32/libgcc.a(eqdf2.o)
 .debug_frame   0x00000934       0x20 /home/tang/riscv/lib/gcc/riscv64-unknown-elf/12.2.0/rv32im/ilp32/libgcc.a(gedf2.o)
 .debug_frame   0x00000954       0x20 /home/tang/riscv/lib/gcc/riscv64-unknown-elf/12.2.0/rv32im/ilp32/libgcc.a(ledf2.o)
 .debug_frame   0x00000974       0x54 /home/tang/riscv/lib/gcc/riscv64-unknown-elf/12.2.0/rv32im/ilp32/libgcc.a(muldf3.o)
 .debug_frame   0x000009c8       0x44 /home/tang/riscv/lib/gcc/riscv64-unknown-elf/12.2.0/rv32im/ilp32/libgcc.a(subdf3.o)
 .debug_frame   0x00000a0c       0x20 /home/tang/riscv/lib/gcc/riscv64-unknown-elf/12.2.0/rv32im/ilp32/libgcc.a(fixdfsi.o)
 .debug_frame   0x00000a2c       0x20 /home/tang/riscv/lib/gcc/riscv64-unknown-elf/12.2.0/rv32im/ilp32/libgcc.a(fixunsdfsi.o)
 .debug_frame   0x00000a4c       0x34 /home/tang/riscv/lib/gcc/riscv64-unknown-elf/12.2.0/rv32im/ilp32/libgcc.a(floatunsidf.o)
 .debug_frame   0x00000a80       0x4c /home/tang/riscv/lib/gcc/riscv64-unknown-elf/12.2.0/rv32im/ilp32/libgcc.a(divsf3.o)
 .debug_frame   0x00000acc       0x34 /home/tang/riscv/lib/gcc/riscv64-unknown-elf/12.2.0/rv32im/ilp32/libgcc.a(floatunsisf.o)
 .debug_frame   0x00000b00       0x38 /home/tang/riscv/lib/gcc/riscv64-unknown-elf/12.2.0/rv32im/ilp32/libgcc.a(extendsfdf2.o)
 .debug_frame   0x00000b38       0x20 /home/tang/riscv/lib/gcc/riscv64-unknown-elf/12.2.0/rv32im/ilp32/libgcc.a(_clzsi2.o)
